<html>
<body>
<pre>
<h1>猩ision Build Log</h1>
<h2>Tool Versions:</h2>
IDE-Version: μVision V5.40.0.0
Copyright (C) 2024 ARM Ltd and ARM Germany GmbH. All rights reserved.
License Information: aa aa, aa, LIC=0VRJ7-EPCTZ-F19PT-REX1D-7XGRZ-MFUWF
 
Tool Versions:
Toolchain:       MDK-ARM Professional  Version: 5.40.0.3
Toolchain Path:  C:\Users\busundau\AppData\Local\Keil_v5\ARM\ARMCLANG\Bin
C Compiler:      ArmClang.exe V6.22
Assembler:       Armasm.exe V6.22
Linker/Locator:  ArmLink.exe V6.22
Library Manager: ArmAr.exe V6.22
Hex Converter:   FromElf.exe V6.22
CPU DLL:         SARMCM3.DLL V5.40.0.3
Dialog DLL:      DARMCM1.DLL V1.19.6.0
Target DLL:      NULink\Nu_Link.dll V3.15
Dialog DLL:      TARMCM1.DLL V1.14.6.0
 
<h2>Project:</h2>
C:\Users\busundau\Pictures\MTCS-20250806-修正回傳fw command\emWin_SimpleDemo.uvproj
Project File Date:  08/26/2025

<h2>Output:</h2>
*** Using Compiler 'V6.22', folder: 'C:\Users\busundau\AppData\Local\Keil_v5\ARM\ARMCLANG\Bin'
Rebuild target 'emWin_SimpleDemo_ILI9341'
creating preprocessor file for system_M031Series.c...
compiling sys.c...
creating preprocessor file for sys.c...
compiling system_M031Series.c...
creating preprocessor file for clk.c...
creating preprocessor file for fmc.c...
compiling gpio.c...
compiling clk.c...
creating preprocessor file for timer.c...
creating preprocessor file for gpio.c...
compiling timer.c...
compiling fmc.c...
assembling startup_M031Series.s...
creating preprocessor file for uart.c...
creating preprocessor file for adc.c...
compiling adc.c...
compiling uart.c...
creating preprocessor file for usci_spi.c...
creating preprocessor file for pdma.c...
compiling usci_spi.c...
creating preprocessor file for retarget.c...
compiling pdma.c...
creating preprocessor file for i2c.c...
creating preprocessor file for pwm.c...
Library/StdDriver/src/retarget.c(32): warning: 'DEBUG_PORT' macro redefined [-Wmacro-redefined]
   32 | #define DEBUG_PORT   UART1 //UART1:<B0>_<A4>l<A9>Mmcu<B3>q<B0>T<A5><CE> UART0:debug<A9>Mbarcode<A5><CE> //jacob release need uart1 modify to  uart0 20250505 
      |         ^
./Library/Device/M031/Include\system_M031Series.h(23): note: previous definition is here
   23 | #define DEBUG_PORT      UART0       /*!< Select Debug Port which is used for retarget.c to output debug message to UART */
      |         ^
1 warning generated.
compiling retarget.c...
compiling pwm.c...
compiling i2c.c...
creating preprocessor file for main.c...
creating preprocessor file for DialogFunction.c...
compiling main.c...
creating preprocessor file for GUI_X.c...
creating preprocessor file for GUIConf.c...
compiling GUI_X.c...
creating preprocessor file for PTT_ISR.c...
compiling GUIConf.c...
compiling PTT_ISR.c...
creating preprocessor file for LCDConf.c...
creating preprocessor file for jpg.c...
compiling jpg.c...
compiling LCDConf.c...
compiling DialogFunction.c...
creating preprocessor file for Pg_Language_Big5.c...
creating preprocessor file for Pg_Language_En.c...
compiling Pg_Language_Big5.c...
compiling Pg_Language_En.c...
creating preprocessor file for Pg_Language_Gb.c...
creating preprocessor file for Pg_Tool_Mode_Big5.c...
compiling Pg_Language_Gb.c...
creating preprocessor file for Pg_Tool_Mode_En.c...
creating preprocessor file for Pg_Tool_Mode_Gb.c...
compiling Pg_Tool_Mode_Big5.c...
compiling Pg_Tool_Mode_En.c...
creating preprocessor file for Pg_Call_Job_Big5.c...
compiling Pg_Tool_Mode_Gb.c...
compiling Pg_Call_Job_Big5.c...
creating preprocessor file for Pg_Call_Job_Gb.c...
creating preprocessor file for Pg_Call_Job_En.c...
compiling Pg_Call_Job_En.c...
creating preprocessor file for Pg_JS_0_Job_Big5.c...
compiling Pg_Call_Job_Gb.c...
creating preprocessor file for Pg_JS_0_Job_En.c...
compiling Pg_JS_0_Job_Big5.c...
compiling Pg_JS_0_Job_En.c...
creating preprocessor file for Pg_JS_0_Job_Gb.c...
creating preprocessor file for Pg_JS_1_JobSEQ_Big5.c...
compiling Pg_JS_0_Job_Gb.c...
creating preprocessor file for Pg_JS_1_JobSEQ_En.c...
compiling Pg_JS_1_JobSEQ_Big5.c...
creating preprocessor file for Pg_JS_1_JobSEQ_Gb.c...
compiling Pg_JS_1_JobSEQ_En.c...
creating preprocessor file for Pg_JS_2_Step2_1_Big5.c...
compiling Pg_JS_1_JobSEQ_Gb.c...
creating preprocessor file for Pg_JS_2_Step2_1_En.c...
compiling Pg_JS_2_Step2_1_Big5.c...
compiling Pg_JS_2_Step2_1_En.c...
creating preprocessor file for Pg_JS_2_Step2_1_Gb.c...
creating preprocessor file for Pg_JS_3_Step2_2_Big5.c...
compiling Pg_JS_2_Step2_1_Gb.c...
creating preprocessor file for Pg_JS_3_Step2_2_En.c...
creating preprocessor file for Pg_JS_3_Step2_2_Gb.c...
compiling Pg_JS_3_Step2_2_Big5.c...
compiling Pg_JS_3_Step2_2_En.c...
creating preprocessor file for Pg_Net_Info_Big5.c...
compiling Pg_JS_3_Step2_2_Gb.c...
creating preprocessor file for Pg_Net_Info_En.c...
compiling Pg_Net_Info_Big5.c...
creating preprocessor file for Pg_Net_Info_Gb.c...
compiling Pg_Net_Info_En.c...
creating preprocessor file for Pg_Net_AP_Info_Big5.c...
compiling Pg_Net_Info_Gb.c...
compiling Pg_Net_AP_Info_Big5.c...
creating preprocessor file for Pg_Net_AP_Info_En.c...
creating preprocessor file for Pg_Net_AP_Info_Gb.c...
compiling Pg_Net_AP_Info_En.c...
creating preprocessor file for Pg_Tool_Info_Big5.c...
compiling Pg_Net_AP_Info_Gb.c...
creating preprocessor file for Pg_Tool_Info_En.c...
compiling Pg_Tool_Info_Big5.c...
creating preprocessor file for Pg_Tool_Info_Gb.c...
compiling Pg_Tool_Info_En.c...
creating preprocessor file for Pg_Home_Big5.c...
compiling Pg_Tool_Info_Gb.c...
creating preprocessor file for Pg_Home_En.c...
compiling Pg_Home_Big5.c...
creating preprocessor file for Pg_Home_Gb.c...
compiling Pg_Home_En.c...
creating preprocessor file for ILI9341.c...
compiling Pg_Home_Gb.c...
creating preprocessor file for TitleChinese12.c...
compiling TitleChinese12.c...
Library/emWin/lcm/ILI9341.c(161): warning: format specifies type 'unsigned long' but the argument has type 'uint32_t' (aka 'unsigned int') [-Wformat]
  161 |         printf("[DMA] Abort! ok=%lu err=%lu\n", dma_ok_count, dma_err_count);
      |                                 ~~~             ^~~~~~~~~~~~
      |                                 %u
Library/emWin/lcm/ILI9341.c(161): warning: format specifies type 'unsigned long' but the argument has type 'uint32_t' (aka 'unsigned int') [-Wformat]
  161 |         printf("[DMA] Abort! ok=%lu err=%lu\n", dma_ok_count, dma_err_count);
      |                                         ~~~                   ^~~~~~~~~~~~~
      |                                         %u
2 warnings generated.
compiling ILI9341.c...
creating preprocessor file for Chinese22.c...
creating preprocessor file for TitleChinese16.c...
compiling Chinese22.c...
compiling TitleChinese16.c...
creating preprocessor file for FontName.c...
compiling FontName.c...
creating preprocessor file for TitleChinese22.c...
compiling TitleChinese22.c...
creating preprocessor file for TitleChinese26.c...
compiling TitleChinese26.c...
linking...
.\MTCS_LCD_M032.axf: Warning: L6340W: options first and last are ignored for link type of scattered
Program Size: Code=180496 RO-data=93660 RW-data=2088 ZI-data=40264  
Finished: 0 information, 1 warning and 0 error messages.
FromELF: creating hex file...
After Build - User command #1: fromelf --bin ".\Objects\MTCS_LCD_M032.axf" --output ".\Objects\MTCS_LCD_M032.bin"
After Build - User command #2: .\hello.bat
找不到檔案
[Keil Build] No HEX file found in .\Output\
".\MTCS_LCD_M032.axf" - 0 Error(s), 4 Warning(s).
Build Time Elapsed:  00:00:06
</pre>
</body>
</html>
