<html>
<body>
<pre>
<h1>猩ision Build Log</h1>
<h2>Tool Versions:</h2>
IDE-Version: μVision V5.38.0.0
Copyright (C) 2022 ARM Ltd and ARM Germany GmbH. All rights reserved.
License Information: cc cc, cccc, LIC=JDA0P-MVSWG-TLGCD-8X984-LV2YX-N31U2
 
Tool Versions:
Toolchain:       MDK-ARM Professional  Version: 5.38.0.0
Toolchain Path:  C:\Keil_v5\ARM\ARMCLANG\Bin
C Compiler:      ArmClang.exe V6.19
Assembler:       Armasm.exe V6.19
Linker/Locator:  ArmLink.exe V6.19
Library Manager: ArmAr.exe V6.19
Hex Converter:   FromElf.exe V6.19
CPU DLL:         SARMCM3.DLL V5.38.0.0
Dialog DLL:      DARMCM1.DLL V1.19.6.0
Target DLL:      NULink\Nu_Link.dll V3.21
Dialog DLL:      TARMCM1.DLL V1.14.6.0
 
<h2>Project:</h2>
C:\Users\busundau\Documents\project\01-MTCS\MTCS-20260107-新增初始頁面時間,和wifi tool中文字樣\emWin_SimpleDemo.uvproj
Project File Date:  01/13/2026

<h2>Output:</h2>
*** Using Compiler 'V6.19', folder: 'C:\Keil_v5\ARM\ARMCLANG\Bin'
Rebuild target 'emWin_SimpleDemo_ILI9341'
compiling clk.c...
creating preprocessor file for clk.c...
creating preprocessor file for gpio.c...
compiling system_M031Series.c...
compiling timer.c...
creating preprocessor file for timer.c...
creating preprocessor file for sys.c...
creating preprocessor file for system_M031Series.c...
creating preprocessor file for DialogFunction.c...
assembling startup_M031Series.s...
compiling gpio.c...
compiling sys.c...
creating preprocessor file for fmc.c...
creating preprocessor file for uart.c...
compiling fmc.c...
creating preprocessor file for usci_spi.c...
compiling uart.c...
creating preprocessor file for adc.c...
compiling adc.c...
creating preprocessor file for pdma.c...
compiling usci_spi.c...
creating preprocessor file for retarget.c...
creating preprocessor file for i2c.c...
creating preprocessor file for pwm.c...
compiling pdma.c...
compiling DialogFunction.c...
Library/StdDriver/src/retarget.c(32): warning: 'DEBUG_PORT' macro redefined [-Wmacro-redefined]
#define DEBUG_PORT   UART1 //UART1:<B0>_<A4>l<A9>Mmcu<B3>q<B0>T<A5><CE> UART0:debug<A9>Mbarcode<A5><CE> //jacob release need uart1 modify to  uart0 20250505 
        ^
./Library/Device/M031/Include/system_M031Series.h(23): note: previous definition is here
#define DEBUG_PORT      UART0       /*!< Select Debug Port which is used for retarget.c to output debug message to UART */
        ^
1 warning generated.
compiling retarget.c...
compiling i2c.c...
creating preprocessor file for main.c...
compiling pwm.c...
compiling main.c...
creating preprocessor file for GUI_X.c...
creating preprocessor file for PTT_ISR.c...
compiling GUI_X.c...
creating preprocessor file for GUIConf.c...
compiling GUIConf.c...
compiling PTT_ISR.c...
creating preprocessor file for LCDConf.c...
creating preprocessor file for jpg.c...
compiling LCDConf.c...
compiling jpg.c...
creating preprocessor file for Pg_Language_Big5.c...
compiling Pg_Language_Big5.c...
creating preprocessor file for Pg_Language_En.c...
creating preprocessor file for Pg_Language_Gb.c...
creating preprocessor file for Pg_Tool_Mode_Big5.c...
compiling Pg_Language_En.c...
compiling Pg_Language_Gb.c...
creating preprocessor file for Pg_Tool_Mode_En.c...
compiling Pg_Tool_Mode_Big5.c...
creating preprocessor file for Pg_Tool_Mode_Gb.c...
creating preprocessor file for Pg_Call_Job_Big5.c...
compiling Pg_Tool_Mode_En.c...
compiling Pg_Tool_Mode_Gb.c...
creating preprocessor file for Pg_Call_Job_En.c...
compiling Pg_Call_Job_Big5.c...
creating preprocessor file for Pg_Call_Job_Gb.c...
compiling Pg_Call_Job_En.c...
creating preprocessor file for Pg_JS_0_Job_Big5.c...
compiling Pg_Call_Job_Gb.c...
compiling Pg_JS_0_Job_Big5.c...
creating preprocessor file for Pg_JS_0_Job_En.c...
creating preprocessor file for Pg_JS_0_Job_Gb.c...
compiling Pg_JS_0_Job_En.c...
creating preprocessor file for Pg_JS_1_JobSEQ_Big5.c...
compiling Pg_JS_0_Job_Gb.c...
creating preprocessor file for Pg_JS_1_JobSEQ_En.c...
compiling Pg_JS_1_JobSEQ_Big5.c...
creating preprocessor file for Pg_JS_1_JobSEQ_Gb.c...
compiling Pg_JS_1_JobSEQ_En.c...
creating preprocessor file for Pg_JS_2_Step2_1_Big5.c...
compiling Pg_JS_1_JobSEQ_Gb.c...
creating preprocessor file for Pg_JS_2_Step2_1_En.c...
compiling Pg_JS_2_Step2_1_Big5.c...
creating preprocessor file for Pg_JS_2_Step2_1_Gb.c...
compiling Pg_JS_2_Step2_1_En.c...
creating preprocessor file for Pg_JS_3_Step2_2_Big5.c...
compiling Pg_JS_2_Step2_1_Gb.c...
creating preprocessor file for Pg_JS_3_Step2_2_En.c...
compiling Pg_JS_3_Step2_2_Big5.c...
creating preprocessor file for Pg_JS_3_Step2_2_Gb.c...
compiling Pg_JS_3_Step2_2_En.c...
creating preprocessor file for Pg_Net_Info_Big5.c...
creating preprocessor file for Pg_Net_Info_En.c...
compiling Pg_JS_3_Step2_2_Gb.c...
compiling Pg_Net_Info_Big5.c...
creating preprocessor file for Pg_Net_Info_Gb.c...
compiling Pg_Net_Info_En.c...
creating preprocessor file for Pg_Net_AP_Info_Big5.c...
creating preprocessor file for Pg_Net_AP_Info_En.c...
compiling Pg_Net_Info_Gb.c...
compiling Pg_Net_AP_Info_Big5.c...
creating preprocessor file for Pg_Net_AP_Info_Gb.c...
compiling Pg_Net_AP_Info_En.c...
creating preprocessor file for Pg_Tool_Info_Big5.c...
compiling Pg_Net_AP_Info_Gb.c...
creating preprocessor file for Pg_Tool_Info_En.c...
creating preprocessor file for Pg_Tool_Info_Gb.c...
compiling Pg_Tool_Info_Big5.c...
compiling Pg_Tool_Info_En.c...
creating preprocessor file for Pg_Home_Big5.c...
compiling Pg_Tool_Info_Gb.c...
creating preprocessor file for Pg_Home_En.c...
creating preprocessor file for Font_Boot_Menu_Microsoft JhengHei_22B.c...
creating preprocessor file for Pg_Home_Gb.c...
compiling Font_Boot_Menu_Microsoft JhengHei_22B.c...
creating preprocessor file for Font_Pg_JS_1_JobSEQ_Microsoft JhengHei_22B.c...
compiling Pg_Home_Big5.c...
compiling Pg_Home_En.c...
compiling Pg_Home_Gb.c...
creating preprocessor file for Font_Pg_JS_0_Job_Microsoft JhengHei_22B.c...
compiling Font_Pg_JS_1_JobSEQ_Microsoft JhengHei_22B.c...
compiling Font_Pg_JS_0_Job_Microsoft JhengHei_22B.c...
creating preprocessor file for FontName.c...
creating preprocessor file for ILI9341.c...
compiling FontName.c...
creating preprocessor file for Font_ALLPage_Button_Microsoft JhengHei_16B.c...
Library/emWin/lcm/ILI9341.c(161): warning: format specifies type 'unsigned long' but the argument has type 'uint32_t' (aka 'unsigned int') [-Wformat]
        printf("[DMA] Abort! ok=%lu err=%lu\n", dma_ok_count, dma_err_count);
                                ~~~             ^~~~~~~~~~~~
                                %u
Library/emWin/lcm/ILI9341.c(161): warning: format specifies type 'unsigned long' but the argument has type 'uint32_t' (aka 'unsigned int') [-Wformat]
        printf("[DMA] Abort! ok=%lu err=%lu\n", dma_ok_count, dma_err_count);
                                        ~~~                   ^~~~~~~~~~~~~
                                        %u
2 warnings generated.
compiling ILI9341.c...
compiling Font_ALLPage_Button_Microsoft JhengHei_16B.c...
creating preprocessor file for Font_ALLPage_WinTitle_DFKai-SB_16B.c...
compiling Font_ALLPage_WinTitle_DFKai-SB_16B.c...
creating preprocessor file for Font_Pg_Home_Microsoft JhengHei_19B.c...
creating preprocessor file for Font_Pg_Home_Microsoft JhengHei_20B.c...
compiling Font_Pg_Home_Microsoft JhengHei_19B.c...
compiling Font_Pg_Home_Microsoft JhengHei_20B.c...
creating preprocessor file for Font_Pg_Home_Microsoft JhengHei_192B.c...
compiling Font_Pg_Home_Microsoft JhengHei_192B.c...
creating preprocessor file for Font_Pg_Language_Microsoft JhengHei_22B.c...
creating preprocessor file for Font_Pg_Tool_Mode_Microsoft JhengHei_22B.c...
compiling Font_Pg_Language_Microsoft JhengHei_22B.c...
creating preprocessor file for Font_Pg_Tool_Mode_Microsoft JhengHei_26B.c...
compiling Font_Pg_Tool_Mode_Microsoft JhengHei_22B.c...
creating preprocessor file for Font_Pg_JS_2_Step2_1_Microsoft JhengHei_16B.c...
creating preprocessor file for Font_Pg_JS_2_Step2_1_Microsoft JhengHei_22B.c...
compiling Font_Pg_Tool_Mode_Microsoft JhengHei_26B.c...
compiling Font_Pg_JS_2_Step2_1_Microsoft JhengHei_16B.c...
compiling Font_Pg_JS_2_Step2_1_Microsoft JhengHei_22B.c...
creating preprocessor file for Font_Pg_JS_2_Step2_2_Microsoft JhengHei_22B.c...
compiling Font_Pg_JS_2_Step2_2_Microsoft JhengHei_22B.c...
creating preprocessor file for Font_Pg_Tool_Info_Microsoft JhengHei_22B.c...
compiling Font_Pg_Tool_Info_Microsoft JhengHei_22B.c...
creating preprocessor file for Font_Pg_Net_Info_Microsoft JhengHei_19B.c...
creating preprocessor file for Font_Pg_Net_AP_Info_Microsoft JhengHei_22B.c...
compiling Font_Pg_Net_Info_Microsoft JhengHei_19B.c...
compiling Font_Pg_Net_AP_Info_Microsoft JhengHei_22B.c...
linking...
.\Output\20260107-MTCS_LCD_M032_ace7.axf: Warning: L6340W: options first and last are ignored for link type of scattered
Program Size: Code=191764 RO-data=120996 RW-data=2404 ZI-data=41100  
Finished: 0 information, 1 warning and 0 error messages.
FromELF: creating hex file...
After Build - User command #1: fromelf --bin ".\Output\20260107-MTCS_LCD_M032_ace7.axf" --output ".\Objects\20260107-MTCS_LCD_M032_ace7.bin"
After Build - User command #2: .\hello.bat
[Keil Build] HEX file: .\Output\20260107-MTCS_LCD_M032_ace7.hex
[Keil Build] CRC32 = 0x136FFB1F
[Keil Build] Copied to: C:\Users\busundau\Documents\project\01-MTCS\MTCS-20260107-新增初始頁面時間,和wifi tool中文字樣\Output\..\Output2\20260107-MTCS_LCD_M032_ace7_20260113-095941_crc136FFB1F.hex
".\Output\20260107-MTCS_LCD_M032_ace7.axf" - 0 Error(s), 4 Warning(s).
Build Time Elapsed:  00:00:09
</pre>
</body>
</html>
