<!doctype html public "-//w3c//dtd html 4.0 transitional//en">
<html><head>
<title>Static Call Graph - [.\Output\20260107-MTCS_LCD_M032_.axf]</title></head>
<body><HR>
<H1>Static Call Graph for image .\Output\20260107-MTCS_LCD_M032_.axf</H1><HR>
<BR><P>#&#060CALLGRAPH&#062# ARM Linker, 6190004: Last Updated: Wed Jan  7 15:44:35 2026
<BR><P>
<H3>Maximum Stack Usage =       3092 bytes + Unknown(Functions without stacksize, Cycles, Untraceable Function Pointers)</H3><H3>
Call chain for Maximum Stack Depth:</H3>
_cbDialog &rArr; FRAMEWIN_Display &rArr; DisplayOByDigitIndex2 &rArr; WM_Update &rArr; WM__Paint &rArr; GUI_MEMDEV_Draw &rArr; GUI_MEMDEV_CopyToLCD &rArr; GUI_MEMDEV_CopyToLCDAt &rArr; GUI_MEMDEV__WriteToActiveOpaque &rArr; _WriteToActiveOpaque_8 &rArr; GUI_ALLOC_AllocNoInit &rArr; _Alloc &rArr; _InitOnce &rArr; _EnlargeBlocks &rArr;  _Alloc (Cycle)
<P>
<H3>
Functions with no stack information
</H3><UL>
 <LI><a href="#[11c]">__user_initial_stackheap</a>
</UL>
</UL>
<P>
<H3>
Mutually Recursive functions
</H3> <LI><a href="#[1]">NMI_Handler</a>&nbsp;&nbsp;&nbsp;&rArr;&nbsp;&nbsp;&nbsp;<a href="#[1]">NMI_Handler</a><BR>
 <LI><a href="#[3]">SVC_Handler</a>&nbsp;&nbsp;&nbsp;&rArr;&nbsp;&nbsp;&nbsp;<a href="#[3]">SVC_Handler</a><BR>
 <LI><a href="#[4]">PendSV_Handler</a>&nbsp;&nbsp;&nbsp;&rArr;&nbsp;&nbsp;&nbsp;<a href="#[4]">PendSV_Handler</a><BR>
 <LI><a href="#[5]">SysTick_Handler</a>&nbsp;&nbsp;&nbsp;&rArr;&nbsp;&nbsp;&nbsp;<a href="#[5]">SysTick_Handler</a><BR>
 <LI><a href="#[287]">WM__SendMessage</a>&nbsp;&nbsp;&nbsp;&rArr;&nbsp;&nbsp;&nbsp;<a href="#[24e]">WM_DefaultProc</a><BR>
 <LI><a href="#[364]">WM__InvalidateRect</a>&nbsp;&nbsp;&nbsp;&rArr;&nbsp;&nbsp;&nbsp;<a href="#[364]">WM__InvalidateRect</a><BR>
 <LI><a href="#[372]">WM_InvalidateWindowAndDescsEx</a>&nbsp;&nbsp;&nbsp;&rArr;&nbsp;&nbsp;&nbsp;<a href="#[372]">WM_InvalidateWindowAndDescsEx</a><BR>
 <LI><a href="#[370]">WM__InvalidateDrawAndDescs</a>&nbsp;&nbsp;&nbsp;&rArr;&nbsp;&nbsp;&nbsp;<a href="#[370]">WM__InvalidateDrawAndDescs</a><BR>
 <LI><a href="#[382]">_MoveDescendents</a>&nbsp;&nbsp;&nbsp;&rArr;&nbsp;&nbsp;&nbsp;<a href="#[382]">_MoveDescendents</a><BR>
 <LI><a href="#[29d]">WM_ResizeWindow</a>&nbsp;&nbsp;&nbsp;&rArr;&nbsp;&nbsp;&nbsp;<a href="#[352]">WM__UpdateChildPositions</a><BR>
 <LI><a href="#[366]">WM__ForEachDesc</a>&nbsp;&nbsp;&nbsp;&rArr;&nbsp;&nbsp;&nbsp;<a href="#[366]">WM__ForEachDesc</a><BR>
 <LI><a href="#[385]">_EnlargeBlocks</a>&nbsp;&nbsp;&nbsp;&rArr;&nbsp;&nbsp;&nbsp;<a href="#[2b0]">_Alloc</a><BR>
 <LI><a href="#[37e]">_Findy1</a>&nbsp;&nbsp;&nbsp;&rArr;&nbsp;&nbsp;&nbsp;<a href="#[37e]">_Findy1</a><BR>
 <LI><a href="#[380]">_Findx1</a>&nbsp;&nbsp;&nbsp;&rArr;&nbsp;&nbsp;&nbsp;<a href="#[380]">_Findx1</a><BR>
 <LI><a href="#[37f]">_Findx0</a>&nbsp;&nbsp;&nbsp;&rArr;&nbsp;&nbsp;&nbsp;<a href="#[37f]">_Findx0</a><BR>
 <LI><a href="#[363]">_DeleteAllChildren</a>&nbsp;&nbsp;&nbsp;&rArr;&nbsp;&nbsp;&nbsp;<a href="#[1c7]">WM_DeleteWindow</a><BR>
 <LI><a href="#[1e]">Default_Handler</a>&nbsp;&nbsp;&nbsp;&rArr;&nbsp;&nbsp;&nbsp;<a href="#[1e]">Default_Handler</a><BR>
 <LI><a href="#[384]">_PaintTransChildren</a>&nbsp;&nbsp;&nbsp;&rArr;&nbsp;&nbsp;&nbsp;<a href="#[384]">_PaintTransChildren</a><BR>
 <LI><a href="#[368]">_GetDialogItem</a>&nbsp;&nbsp;&nbsp;&rArr;&nbsp;&nbsp;&nbsp;<a href="#[368]">_GetDialogItem</a><BR>
 <LI><a href="#[371]">WM_InvalidateWindowAndDescs</a>&nbsp;&nbsp;&nbsp;&rArr;&nbsp;&nbsp;&nbsp;<a href="#[371]">WM_InvalidateWindowAndDescs</a><BR>
</UL>
<P>
<H3>
Function Pointers
</H3><UL>
 <LI><a href="#[1f]">ACMP01_IRQHandler</a> from startup_m031series.o(.text) referenced from startup_m031series.o(RESET)
 <LI><a href="#[23]">ADC_IRQHandler</a> from startup_m031series.o(.text) referenced from startup_m031series.o(RESET)
 <LI><a href="#[6]">BOD_IRQHandler</a> from startup_m031series.o(.text) referenced from startup_m031series.o(RESET)
 <LI><a href="#[1a]">BPWM0_IRQHandler</a> from startup_m031series.o(.text) referenced from startup_m031series.o(RESET)
 <LI><a href="#[1b]">BPWM1_IRQHandler</a> from startup_m031series.o(.text) referenced from startup_m031series.o(RESET)
 <LI><a href="#[56]">BUTTON_Callback</a> from BUTTON.o(i.BUTTON_Callback) referenced from BUTTON.o(i.BUTTON_CreateUser)
 <LI><a href="#[fa]">BUTTON_CreateIndirect</a> from BUTTON.o(i.BUTTON_CreateIndirect) referenced 132 times from pg_language_big5.o(.rodata._aDialogCreate)
 <LI><a href="#[101]">BUTTON_DrawSkinFlex</a> from BUTTON_SkinFlex.o(i.BUTTON_DrawSkinFlex) referenced from BUTTON.o(.data)
 <LI><a href="#[24]">CKFAIL_IRQHandler</a> from startup_m031series.o(.text) referenced from startup_m031series.o(RESET)
 <LI><a href="#[1e]">Default_Handler</a> from startup_m031series.o(.text) referenced from startup_m031series.o(RESET)
 <LI><a href="#[57]">EDIT_Callback</a> from EDIT.o(i.EDIT_Callback) referenced from EDIT.o(i.EDIT_CreateUser)
 <LI><a href="#[f8]">EDIT_CreateIndirect</a> from EDIT.o(i.EDIT_CreateIndirect) referenced 21 times from pg_language_big5.o(.rodata._aDialogCreate)
 <LI><a href="#[8]">EINT024_IRQHandler</a> from startup_m031series.o(.text) referenced from startup_m031series.o(RESET)
 <LI><a href="#[9]">EINT135_IRQHandler</a> from startup_m031series.o(.text) referenced from startup_m031series.o(RESET)
 <LI><a href="#[58]">FRAMEWIN_Callback</a> from FRAMEWIN.o(i.FRAMEWIN_Callback) referenced from FRAMEWIN.o(i.FRAMEWIN_CreateUser)
 <LI><a href="#[f7]">FRAMEWIN_CreateIndirect</a> from FRAMEWIN.o(i.FRAMEWIN_CreateIndirect) referenced 33 times from pg_language_big5.o(.rodata._aDialogCreate)
 <LI><a href="#[103]">FRAMEWIN_DrawSkinFlex</a> from FRAMEWIN_SkinFlex.o(i.FRAMEWIN_DrawSkinFlex) referenced 2 times from FRAMEWIN.o(.data)
 <LI><a href="#[102]">FRAMEWIN__GetBorderSize</a> from FRAMEWIN.o(i.FRAMEWIN__GetBorderSize) referenced from FRAMEWIN.o(.data)
 <LI><a href="#[59]">FRAMEWIN__cbClient</a> from FRAMEWIN.o(i.FRAMEWIN__cbClient) referenced from FRAMEWIN.o(i.FRAMEWIN_CreateUser)
 <LI><a href="#[a]">GPABGH_IRQHandler</a> from startup_m031series.o(.text) referenced from startup_m031series.o(RESET)
 <LI><a href="#[b]">GPCDEF_IRQHandler</a> from startup_m031series.o(.text) referenced from startup_m031series.o(RESET)
 <LI><a href="#[54]">GUIDRV_FlexColor_SetFunc66709</a> from GUIDRV_FlexColor_Func66709.o(i.GUIDRV_FlexColor_SetFunc66709) referenced from lcdconf.o(.text.LCD_X_Config)
 <LI><a href="#[55]">GUIDRV_FlexColor_SetMode16bppC0B8</a> from GUIDRV_FlexColor_16bpp_C0B8.o(i.GUIDRV_FlexColor_SetMode16bppC0B8) referenced from lcdconf.o(.text.LCD_X_Config)
 <LI><a href="#[62]">GUIDRV_FlexColor__GetPixelIndexNoCache</a> from GUIDRV_FlexColor.o(i.GUIDRV_FlexColor__GetPixelIndexNoCache) referenced from GUIDRV_FlexColor_16bpp_C0B8.o(i.GUIDRV_FlexColor_SetMode16bppC0B8)
 <LI><a href="#[66]">GUIDRV_FlexColor__SetLog2Phys</a> from GUIDRV_FlexColor.o(i.GUIDRV_FlexColor__SetLog2Phys) referenced from GUIDRV_FlexColor.o(i.GUIDRV_FlexColor__InitOnce)
 <LI><a href="#[63]">GUIDRV_FlexColor__SetPixelIndexNoCache</a> from GUIDRV_FlexColor.o(i.GUIDRV_FlexColor__SetPixelIndexNoCache) referenced from GUIDRV_FlexColor_16bpp_C0B8.o(i.GUIDRV_FlexColor_SetMode16bppC0B8)
 <LI><a href="#[b8]">GUIMONO_DispChar</a> from GUI_CharM.o(i.GUIMONO_DispChar) referenced from F6x8.o(.constdata)
 <LI><a href="#[b9]">GUIMONO_GetCharDistX</a> from GUI_CharM.o(i.GUIMONO_GetCharDistX) referenced from F6x8.o(.constdata)
 <LI><a href="#[ba]">GUIMONO_GetFontInfo</a> from GUI_CharM.o(i.GUIMONO_GetFontInfo) referenced from F6x8.o(.constdata)
 <LI><a href="#[bb]">GUIMONO_IsInFont</a> from GUI_CharM.o(i.GUIMONO_IsInFont) referenced from F6x8.o(.constdata)
 <LI><a href="#[b4]">GUIPROP_DispChar</a> from GUI_CharP.o(i.GUIPROP_DispChar) referenced 6 times from F13_1.o(.constdata)
 <LI><a href="#[f2]">GUIPROP_EXT_DispChar</a> from GUI_CharPExt.o(i.GUIPROP_EXT_DispChar) referenced from font_allpage_button_microsoft jhenghei_16b.o(.rodata.GUI_FontFont_ALLPage_Button_MicrosoftJhengHei_16B)
 <LI><a href="#[f2]">GUIPROP_EXT_DispChar</a> from GUI_CharPExt.o(i.GUIPROP_EXT_DispChar) referenced from font_allpage_wintitle_dfkai-sb_16b.o(.rodata.GUI_FontFont_ALLPage_WinTitle_DFKaiSB_16B)
 <LI><a href="#[f2]">GUIPROP_EXT_DispChar</a> from GUI_CharPExt.o(i.GUIPROP_EXT_DispChar) referenced from font_boot_menu_microsoft jhenghei_22b.o(.rodata.GUI_FontFont_Boot_Menu_MicrosoftJhengHei_22B)
 <LI><a href="#[f2]">GUIPROP_EXT_DispChar</a> from GUI_CharPExt.o(i.GUIPROP_EXT_DispChar) referenced from font_pg_home_microsoft jhenghei_192b.o(.rodata.GUI_FontFont_Pg_Home_MicrosoftJhengHei_192B)
 <LI><a href="#[f2]">GUIPROP_EXT_DispChar</a> from GUI_CharPExt.o(i.GUIPROP_EXT_DispChar) referenced from font_pg_home_microsoft jhenghei_19b.o(.rodata.GUI_FontFont_Pg_Home_MicrosoftJhengHei_19B)
 <LI><a href="#[f2]">GUIPROP_EXT_DispChar</a> from GUI_CharPExt.o(i.GUIPROP_EXT_DispChar) referenced from font_pg_home_microsoft jhenghei_20b.o(.rodata.GUI_FontFont_Pg_Home_MicrosoftJhengHei_20B)
 <LI><a href="#[f2]">GUIPROP_EXT_DispChar</a> from GUI_CharPExt.o(i.GUIPROP_EXT_DispChar) referenced from font_pg_js_0_job_microsoft jhenghei_22b.o(.rodata.GUI_FontFont_Pg_JS_0_Job_MicrosoftJhengHei_22B)
 <LI><a href="#[f2]">GUIPROP_EXT_DispChar</a> from GUI_CharPExt.o(i.GUIPROP_EXT_DispChar) referenced from font_pg_js_1_jobseq_microsoft jhenghei_22b.o(.rodata.GUI_FontFont_Pg_JS_1_JobSEQ_MicrosoftJhengHei_22B)
 <LI><a href="#[f2]">GUIPROP_EXT_DispChar</a> from GUI_CharPExt.o(i.GUIPROP_EXT_DispChar) referenced from font_pg_js_2_step2_1_microsoft jhenghei_16b.o(.rodata.GUI_FontFont_Pg_JS_2_Step2_1_MicrosoftJhengHei_16B)
 <LI><a href="#[f2]">GUIPROP_EXT_DispChar</a> from GUI_CharPExt.o(i.GUIPROP_EXT_DispChar) referenced from font_pg_js_2_step2_1_microsoft jhenghei_22b.o(.rodata.GUI_FontFont_Pg_JS_2_Step2_1_MicrosoftJhengHei_22B)
 <LI><a href="#[f2]">GUIPROP_EXT_DispChar</a> from GUI_CharPExt.o(i.GUIPROP_EXT_DispChar) referenced from font_pg_js_2_step2_2_microsoft jhenghei_22b.o(.rodata.GUI_FontFont_Pg_JS_2_Step2_2_MicrosoftJhengHei_22B)
 <LI><a href="#[f2]">GUIPROP_EXT_DispChar</a> from GUI_CharPExt.o(i.GUIPROP_EXT_DispChar) referenced from font_pg_language_microsoft jhenghei_22b.o(.rodata.GUI_FontFont_Pg_Language_MicrosoftJhengHei_22B)
 <LI><a href="#[f2]">GUIPROP_EXT_DispChar</a> from GUI_CharPExt.o(i.GUIPROP_EXT_DispChar) referenced from font_pg_net_ap_info_microsoft jhenghei_22b.o(.rodata.GUI_FontFont_Pg_Net_AP_Info_MicrosoftJhengHei_22B)
 <LI><a href="#[f2]">GUIPROP_EXT_DispChar</a> from GUI_CharPExt.o(i.GUIPROP_EXT_DispChar) referenced from font_pg_net_info_microsoft jhenghei_19b.o(.rodata.GUI_FontFont_Pg_Net_Info_MicrosoftJhengHei_19B)
 <LI><a href="#[f2]">GUIPROP_EXT_DispChar</a> from GUI_CharPExt.o(i.GUIPROP_EXT_DispChar) referenced from font_pg_tool_info_microsoft jhenghei_22b.o(.rodata.GUI_FontFont_Pg_Tool_Info_MicrosoftJhengHei_22B)
 <LI><a href="#[f2]">GUIPROP_EXT_DispChar</a> from GUI_CharPExt.o(i.GUIPROP_EXT_DispChar) referenced from font_pg_tool_mode_microsoft jhenghei_22b.o(.rodata.GUI_FontFont_Pg_Tool_Mode_MicrosoftJhengHei_22B)
 <LI><a href="#[f2]">GUIPROP_EXT_DispChar</a> from GUI_CharPExt.o(i.GUIPROP_EXT_DispChar) referenced from font_pg_tool_mode_microsoft jhenghei_26b.o(.rodata.GUI_FontFont_Pg_Tool_Mode_MicrosoftJhengHei_26B)
 <LI><a href="#[f3]">GUIPROP_EXT_GetCharDistX</a> from GUI_CharPExt.o(i.GUIPROP_EXT_GetCharDistX) referenced from font_allpage_button_microsoft jhenghei_16b.o(.rodata.GUI_FontFont_ALLPage_Button_MicrosoftJhengHei_16B)
 <LI><a href="#[f3]">GUIPROP_EXT_GetCharDistX</a> from GUI_CharPExt.o(i.GUIPROP_EXT_GetCharDistX) referenced from font_allpage_wintitle_dfkai-sb_16b.o(.rodata.GUI_FontFont_ALLPage_WinTitle_DFKaiSB_16B)
 <LI><a href="#[f3]">GUIPROP_EXT_GetCharDistX</a> from GUI_CharPExt.o(i.GUIPROP_EXT_GetCharDistX) referenced from font_boot_menu_microsoft jhenghei_22b.o(.rodata.GUI_FontFont_Boot_Menu_MicrosoftJhengHei_22B)
 <LI><a href="#[f3]">GUIPROP_EXT_GetCharDistX</a> from GUI_CharPExt.o(i.GUIPROP_EXT_GetCharDistX) referenced from font_pg_home_microsoft jhenghei_192b.o(.rodata.GUI_FontFont_Pg_Home_MicrosoftJhengHei_192B)
 <LI><a href="#[f3]">GUIPROP_EXT_GetCharDistX</a> from GUI_CharPExt.o(i.GUIPROP_EXT_GetCharDistX) referenced from font_pg_home_microsoft jhenghei_19b.o(.rodata.GUI_FontFont_Pg_Home_MicrosoftJhengHei_19B)
 <LI><a href="#[f3]">GUIPROP_EXT_GetCharDistX</a> from GUI_CharPExt.o(i.GUIPROP_EXT_GetCharDistX) referenced from font_pg_home_microsoft jhenghei_20b.o(.rodata.GUI_FontFont_Pg_Home_MicrosoftJhengHei_20B)
 <LI><a href="#[f3]">GUIPROP_EXT_GetCharDistX</a> from GUI_CharPExt.o(i.GUIPROP_EXT_GetCharDistX) referenced from font_pg_js_0_job_microsoft jhenghei_22b.o(.rodata.GUI_FontFont_Pg_JS_0_Job_MicrosoftJhengHei_22B)
 <LI><a href="#[f3]">GUIPROP_EXT_GetCharDistX</a> from GUI_CharPExt.o(i.GUIPROP_EXT_GetCharDistX) referenced from font_pg_js_1_jobseq_microsoft jhenghei_22b.o(.rodata.GUI_FontFont_Pg_JS_1_JobSEQ_MicrosoftJhengHei_22B)
 <LI><a href="#[f3]">GUIPROP_EXT_GetCharDistX</a> from GUI_CharPExt.o(i.GUIPROP_EXT_GetCharDistX) referenced from font_pg_js_2_step2_1_microsoft jhenghei_16b.o(.rodata.GUI_FontFont_Pg_JS_2_Step2_1_MicrosoftJhengHei_16B)
 <LI><a href="#[f3]">GUIPROP_EXT_GetCharDistX</a> from GUI_CharPExt.o(i.GUIPROP_EXT_GetCharDistX) referenced from font_pg_js_2_step2_1_microsoft jhenghei_22b.o(.rodata.GUI_FontFont_Pg_JS_2_Step2_1_MicrosoftJhengHei_22B)
 <LI><a href="#[f3]">GUIPROP_EXT_GetCharDistX</a> from GUI_CharPExt.o(i.GUIPROP_EXT_GetCharDistX) referenced from font_pg_js_2_step2_2_microsoft jhenghei_22b.o(.rodata.GUI_FontFont_Pg_JS_2_Step2_2_MicrosoftJhengHei_22B)
 <LI><a href="#[f3]">GUIPROP_EXT_GetCharDistX</a> from GUI_CharPExt.o(i.GUIPROP_EXT_GetCharDistX) referenced from font_pg_language_microsoft jhenghei_22b.o(.rodata.GUI_FontFont_Pg_Language_MicrosoftJhengHei_22B)
 <LI><a href="#[f3]">GUIPROP_EXT_GetCharDistX</a> from GUI_CharPExt.o(i.GUIPROP_EXT_GetCharDistX) referenced from font_pg_net_ap_info_microsoft jhenghei_22b.o(.rodata.GUI_FontFont_Pg_Net_AP_Info_MicrosoftJhengHei_22B)
 <LI><a href="#[f3]">GUIPROP_EXT_GetCharDistX</a> from GUI_CharPExt.o(i.GUIPROP_EXT_GetCharDistX) referenced from font_pg_net_info_microsoft jhenghei_19b.o(.rodata.GUI_FontFont_Pg_Net_Info_MicrosoftJhengHei_19B)
 <LI><a href="#[f3]">GUIPROP_EXT_GetCharDistX</a> from GUI_CharPExt.o(i.GUIPROP_EXT_GetCharDistX) referenced from font_pg_tool_info_microsoft jhenghei_22b.o(.rodata.GUI_FontFont_Pg_Tool_Info_MicrosoftJhengHei_22B)
 <LI><a href="#[f3]">GUIPROP_EXT_GetCharDistX</a> from GUI_CharPExt.o(i.GUIPROP_EXT_GetCharDistX) referenced from font_pg_tool_mode_microsoft jhenghei_22b.o(.rodata.GUI_FontFont_Pg_Tool_Mode_MicrosoftJhengHei_22B)
 <LI><a href="#[f3]">GUIPROP_EXT_GetCharDistX</a> from GUI_CharPExt.o(i.GUIPROP_EXT_GetCharDistX) referenced from font_pg_tool_mode_microsoft jhenghei_26b.o(.rodata.GUI_FontFont_Pg_Tool_Mode_MicrosoftJhengHei_26B)
 <LI><a href="#[f6]">GUIPROP_EXT_GetCharInfo</a> from GUI_CharPExt.o(i.GUIPROP_EXT_GetCharInfo) referenced from font_allpage_button_microsoft jhenghei_16b.o(.rodata.GUI_FontFont_ALLPage_Button_MicrosoftJhengHei_16B)
 <LI><a href="#[f6]">GUIPROP_EXT_GetCharInfo</a> from GUI_CharPExt.o(i.GUIPROP_EXT_GetCharInfo) referenced from font_allpage_wintitle_dfkai-sb_16b.o(.rodata.GUI_FontFont_ALLPage_WinTitle_DFKaiSB_16B)
 <LI><a href="#[f6]">GUIPROP_EXT_GetCharInfo</a> from GUI_CharPExt.o(i.GUIPROP_EXT_GetCharInfo) referenced from font_boot_menu_microsoft jhenghei_22b.o(.rodata.GUI_FontFont_Boot_Menu_MicrosoftJhengHei_22B)
 <LI><a href="#[f6]">GUIPROP_EXT_GetCharInfo</a> from GUI_CharPExt.o(i.GUIPROP_EXT_GetCharInfo) referenced from font_pg_home_microsoft jhenghei_192b.o(.rodata.GUI_FontFont_Pg_Home_MicrosoftJhengHei_192B)
 <LI><a href="#[f6]">GUIPROP_EXT_GetCharInfo</a> from GUI_CharPExt.o(i.GUIPROP_EXT_GetCharInfo) referenced from font_pg_home_microsoft jhenghei_19b.o(.rodata.GUI_FontFont_Pg_Home_MicrosoftJhengHei_19B)
 <LI><a href="#[f6]">GUIPROP_EXT_GetCharInfo</a> from GUI_CharPExt.o(i.GUIPROP_EXT_GetCharInfo) referenced from font_pg_home_microsoft jhenghei_20b.o(.rodata.GUI_FontFont_Pg_Home_MicrosoftJhengHei_20B)
 <LI><a href="#[f6]">GUIPROP_EXT_GetCharInfo</a> from GUI_CharPExt.o(i.GUIPROP_EXT_GetCharInfo) referenced from font_pg_js_0_job_microsoft jhenghei_22b.o(.rodata.GUI_FontFont_Pg_JS_0_Job_MicrosoftJhengHei_22B)
 <LI><a href="#[f6]">GUIPROP_EXT_GetCharInfo</a> from GUI_CharPExt.o(i.GUIPROP_EXT_GetCharInfo) referenced from font_pg_js_1_jobseq_microsoft jhenghei_22b.o(.rodata.GUI_FontFont_Pg_JS_1_JobSEQ_MicrosoftJhengHei_22B)
 <LI><a href="#[f6]">GUIPROP_EXT_GetCharInfo</a> from GUI_CharPExt.o(i.GUIPROP_EXT_GetCharInfo) referenced from font_pg_js_2_step2_1_microsoft jhenghei_16b.o(.rodata.GUI_FontFont_Pg_JS_2_Step2_1_MicrosoftJhengHei_16B)
 <LI><a href="#[f6]">GUIPROP_EXT_GetCharInfo</a> from GUI_CharPExt.o(i.GUIPROP_EXT_GetCharInfo) referenced from font_pg_js_2_step2_1_microsoft jhenghei_22b.o(.rodata.GUI_FontFont_Pg_JS_2_Step2_1_MicrosoftJhengHei_22B)
 <LI><a href="#[f6]">GUIPROP_EXT_GetCharInfo</a> from GUI_CharPExt.o(i.GUIPROP_EXT_GetCharInfo) referenced from font_pg_js_2_step2_2_microsoft jhenghei_22b.o(.rodata.GUI_FontFont_Pg_JS_2_Step2_2_MicrosoftJhengHei_22B)
 <LI><a href="#[f6]">GUIPROP_EXT_GetCharInfo</a> from GUI_CharPExt.o(i.GUIPROP_EXT_GetCharInfo) referenced from font_pg_language_microsoft jhenghei_22b.o(.rodata.GUI_FontFont_Pg_Language_MicrosoftJhengHei_22B)
 <LI><a href="#[f6]">GUIPROP_EXT_GetCharInfo</a> from GUI_CharPExt.o(i.GUIPROP_EXT_GetCharInfo) referenced from font_pg_net_ap_info_microsoft jhenghei_22b.o(.rodata.GUI_FontFont_Pg_Net_AP_Info_MicrosoftJhengHei_22B)
 <LI><a href="#[f6]">GUIPROP_EXT_GetCharInfo</a> from GUI_CharPExt.o(i.GUIPROP_EXT_GetCharInfo) referenced from font_pg_net_info_microsoft jhenghei_19b.o(.rodata.GUI_FontFont_Pg_Net_Info_MicrosoftJhengHei_19B)
 <LI><a href="#[f6]">GUIPROP_EXT_GetCharInfo</a> from GUI_CharPExt.o(i.GUIPROP_EXT_GetCharInfo) referenced from font_pg_tool_info_microsoft jhenghei_22b.o(.rodata.GUI_FontFont_Pg_Tool_Info_MicrosoftJhengHei_22B)
 <LI><a href="#[f6]">GUIPROP_EXT_GetCharInfo</a> from GUI_CharPExt.o(i.GUIPROP_EXT_GetCharInfo) referenced from font_pg_tool_mode_microsoft jhenghei_22b.o(.rodata.GUI_FontFont_Pg_Tool_Mode_MicrosoftJhengHei_22B)
 <LI><a href="#[f6]">GUIPROP_EXT_GetCharInfo</a> from GUI_CharPExt.o(i.GUIPROP_EXT_GetCharInfo) referenced from font_pg_tool_mode_microsoft jhenghei_26b.o(.rodata.GUI_FontFont_Pg_Tool_Mode_MicrosoftJhengHei_26B)
 <LI><a href="#[f4]">GUIPROP_EXT_GetFontInfo</a> from GUI_CharPExt.o(i.GUIPROP_EXT_GetFontInfo) referenced from font_allpage_button_microsoft jhenghei_16b.o(.rodata.GUI_FontFont_ALLPage_Button_MicrosoftJhengHei_16B)
 <LI><a href="#[f4]">GUIPROP_EXT_GetFontInfo</a> from GUI_CharPExt.o(i.GUIPROP_EXT_GetFontInfo) referenced from font_allpage_wintitle_dfkai-sb_16b.o(.rodata.GUI_FontFont_ALLPage_WinTitle_DFKaiSB_16B)
 <LI><a href="#[f4]">GUIPROP_EXT_GetFontInfo</a> from GUI_CharPExt.o(i.GUIPROP_EXT_GetFontInfo) referenced from font_boot_menu_microsoft jhenghei_22b.o(.rodata.GUI_FontFont_Boot_Menu_MicrosoftJhengHei_22B)
 <LI><a href="#[f4]">GUIPROP_EXT_GetFontInfo</a> from GUI_CharPExt.o(i.GUIPROP_EXT_GetFontInfo) referenced from font_pg_home_microsoft jhenghei_192b.o(.rodata.GUI_FontFont_Pg_Home_MicrosoftJhengHei_192B)
 <LI><a href="#[f4]">GUIPROP_EXT_GetFontInfo</a> from GUI_CharPExt.o(i.GUIPROP_EXT_GetFontInfo) referenced from font_pg_home_microsoft jhenghei_19b.o(.rodata.GUI_FontFont_Pg_Home_MicrosoftJhengHei_19B)
 <LI><a href="#[f4]">GUIPROP_EXT_GetFontInfo</a> from GUI_CharPExt.o(i.GUIPROP_EXT_GetFontInfo) referenced from font_pg_home_microsoft jhenghei_20b.o(.rodata.GUI_FontFont_Pg_Home_MicrosoftJhengHei_20B)
 <LI><a href="#[f4]">GUIPROP_EXT_GetFontInfo</a> from GUI_CharPExt.o(i.GUIPROP_EXT_GetFontInfo) referenced from font_pg_js_0_job_microsoft jhenghei_22b.o(.rodata.GUI_FontFont_Pg_JS_0_Job_MicrosoftJhengHei_22B)
 <LI><a href="#[f4]">GUIPROP_EXT_GetFontInfo</a> from GUI_CharPExt.o(i.GUIPROP_EXT_GetFontInfo) referenced from font_pg_js_1_jobseq_microsoft jhenghei_22b.o(.rodata.GUI_FontFont_Pg_JS_1_JobSEQ_MicrosoftJhengHei_22B)
 <LI><a href="#[f4]">GUIPROP_EXT_GetFontInfo</a> from GUI_CharPExt.o(i.GUIPROP_EXT_GetFontInfo) referenced from font_pg_js_2_step2_1_microsoft jhenghei_16b.o(.rodata.GUI_FontFont_Pg_JS_2_Step2_1_MicrosoftJhengHei_16B)
 <LI><a href="#[f4]">GUIPROP_EXT_GetFontInfo</a> from GUI_CharPExt.o(i.GUIPROP_EXT_GetFontInfo) referenced from font_pg_js_2_step2_1_microsoft jhenghei_22b.o(.rodata.GUI_FontFont_Pg_JS_2_Step2_1_MicrosoftJhengHei_22B)
 <LI><a href="#[f4]">GUIPROP_EXT_GetFontInfo</a> from GUI_CharPExt.o(i.GUIPROP_EXT_GetFontInfo) referenced from font_pg_js_2_step2_2_microsoft jhenghei_22b.o(.rodata.GUI_FontFont_Pg_JS_2_Step2_2_MicrosoftJhengHei_22B)
 <LI><a href="#[f4]">GUIPROP_EXT_GetFontInfo</a> from GUI_CharPExt.o(i.GUIPROP_EXT_GetFontInfo) referenced from font_pg_language_microsoft jhenghei_22b.o(.rodata.GUI_FontFont_Pg_Language_MicrosoftJhengHei_22B)
 <LI><a href="#[f4]">GUIPROP_EXT_GetFontInfo</a> from GUI_CharPExt.o(i.GUIPROP_EXT_GetFontInfo) referenced from font_pg_net_ap_info_microsoft jhenghei_22b.o(.rodata.GUI_FontFont_Pg_Net_AP_Info_MicrosoftJhengHei_22B)
 <LI><a href="#[f4]">GUIPROP_EXT_GetFontInfo</a> from GUI_CharPExt.o(i.GUIPROP_EXT_GetFontInfo) referenced from font_pg_net_info_microsoft jhenghei_19b.o(.rodata.GUI_FontFont_Pg_Net_Info_MicrosoftJhengHei_19B)
 <LI><a href="#[f4]">GUIPROP_EXT_GetFontInfo</a> from GUI_CharPExt.o(i.GUIPROP_EXT_GetFontInfo) referenced from font_pg_tool_info_microsoft jhenghei_22b.o(.rodata.GUI_FontFont_Pg_Tool_Info_MicrosoftJhengHei_22B)
 <LI><a href="#[f4]">GUIPROP_EXT_GetFontInfo</a> from GUI_CharPExt.o(i.GUIPROP_EXT_GetFontInfo) referenced from font_pg_tool_mode_microsoft jhenghei_22b.o(.rodata.GUI_FontFont_Pg_Tool_Mode_MicrosoftJhengHei_22B)
 <LI><a href="#[f4]">GUIPROP_EXT_GetFontInfo</a> from GUI_CharPExt.o(i.GUIPROP_EXT_GetFontInfo) referenced from font_pg_tool_mode_microsoft jhenghei_26b.o(.rodata.GUI_FontFont_Pg_Tool_Mode_MicrosoftJhengHei_26B)
 <LI><a href="#[f5]">GUIPROP_EXT_IsInFont</a> from GUI_CharPExt.o(i.GUIPROP_EXT_IsInFont) referenced from font_allpage_button_microsoft jhenghei_16b.o(.rodata.GUI_FontFont_ALLPage_Button_MicrosoftJhengHei_16B)
 <LI><a href="#[f5]">GUIPROP_EXT_IsInFont</a> from GUI_CharPExt.o(i.GUIPROP_EXT_IsInFont) referenced from font_allpage_wintitle_dfkai-sb_16b.o(.rodata.GUI_FontFont_ALLPage_WinTitle_DFKaiSB_16B)
 <LI><a href="#[f5]">GUIPROP_EXT_IsInFont</a> from GUI_CharPExt.o(i.GUIPROP_EXT_IsInFont) referenced from font_boot_menu_microsoft jhenghei_22b.o(.rodata.GUI_FontFont_Boot_Menu_MicrosoftJhengHei_22B)
 <LI><a href="#[f5]">GUIPROP_EXT_IsInFont</a> from GUI_CharPExt.o(i.GUIPROP_EXT_IsInFont) referenced from font_pg_home_microsoft jhenghei_192b.o(.rodata.GUI_FontFont_Pg_Home_MicrosoftJhengHei_192B)
 <LI><a href="#[f5]">GUIPROP_EXT_IsInFont</a> from GUI_CharPExt.o(i.GUIPROP_EXT_IsInFont) referenced from font_pg_home_microsoft jhenghei_19b.o(.rodata.GUI_FontFont_Pg_Home_MicrosoftJhengHei_19B)
 <LI><a href="#[f5]">GUIPROP_EXT_IsInFont</a> from GUI_CharPExt.o(i.GUIPROP_EXT_IsInFont) referenced from font_pg_home_microsoft jhenghei_20b.o(.rodata.GUI_FontFont_Pg_Home_MicrosoftJhengHei_20B)
 <LI><a href="#[f5]">GUIPROP_EXT_IsInFont</a> from GUI_CharPExt.o(i.GUIPROP_EXT_IsInFont) referenced from font_pg_js_0_job_microsoft jhenghei_22b.o(.rodata.GUI_FontFont_Pg_JS_0_Job_MicrosoftJhengHei_22B)
 <LI><a href="#[f5]">GUIPROP_EXT_IsInFont</a> from GUI_CharPExt.o(i.GUIPROP_EXT_IsInFont) referenced from font_pg_js_1_jobseq_microsoft jhenghei_22b.o(.rodata.GUI_FontFont_Pg_JS_1_JobSEQ_MicrosoftJhengHei_22B)
 <LI><a href="#[f5]">GUIPROP_EXT_IsInFont</a> from GUI_CharPExt.o(i.GUIPROP_EXT_IsInFont) referenced from font_pg_js_2_step2_1_microsoft jhenghei_16b.o(.rodata.GUI_FontFont_Pg_JS_2_Step2_1_MicrosoftJhengHei_16B)
 <LI><a href="#[f5]">GUIPROP_EXT_IsInFont</a> from GUI_CharPExt.o(i.GUIPROP_EXT_IsInFont) referenced from font_pg_js_2_step2_1_microsoft jhenghei_22b.o(.rodata.GUI_FontFont_Pg_JS_2_Step2_1_MicrosoftJhengHei_22B)
 <LI><a href="#[f5]">GUIPROP_EXT_IsInFont</a> from GUI_CharPExt.o(i.GUIPROP_EXT_IsInFont) referenced from font_pg_js_2_step2_2_microsoft jhenghei_22b.o(.rodata.GUI_FontFont_Pg_JS_2_Step2_2_MicrosoftJhengHei_22B)
 <LI><a href="#[f5]">GUIPROP_EXT_IsInFont</a> from GUI_CharPExt.o(i.GUIPROP_EXT_IsInFont) referenced from font_pg_language_microsoft jhenghei_22b.o(.rodata.GUI_FontFont_Pg_Language_MicrosoftJhengHei_22B)
 <LI><a href="#[f5]">GUIPROP_EXT_IsInFont</a> from GUI_CharPExt.o(i.GUIPROP_EXT_IsInFont) referenced from font_pg_net_ap_info_microsoft jhenghei_22b.o(.rodata.GUI_FontFont_Pg_Net_AP_Info_MicrosoftJhengHei_22B)
 <LI><a href="#[f5]">GUIPROP_EXT_IsInFont</a> from GUI_CharPExt.o(i.GUIPROP_EXT_IsInFont) referenced from font_pg_net_info_microsoft jhenghei_19b.o(.rodata.GUI_FontFont_Pg_Net_Info_MicrosoftJhengHei_19B)
 <LI><a href="#[f5]">GUIPROP_EXT_IsInFont</a> from GUI_CharPExt.o(i.GUIPROP_EXT_IsInFont) referenced from font_pg_tool_info_microsoft jhenghei_22b.o(.rodata.GUI_FontFont_Pg_Tool_Info_MicrosoftJhengHei_22B)
 <LI><a href="#[f5]">GUIPROP_EXT_IsInFont</a> from GUI_CharPExt.o(i.GUIPROP_EXT_IsInFont) referenced from font_pg_tool_mode_microsoft jhenghei_22b.o(.rodata.GUI_FontFont_Pg_Tool_Mode_MicrosoftJhengHei_22B)
 <LI><a href="#[f5]">GUIPROP_EXT_IsInFont</a> from GUI_CharPExt.o(i.GUIPROP_EXT_IsInFont) referenced from font_pg_tool_mode_microsoft jhenghei_26b.o(.rodata.GUI_FontFont_Pg_Tool_Mode_MicrosoftJhengHei_26B)
 <LI><a href="#[fd]">GUIPROP_EXT__ClearLine</a> from GUI_EncExt.o(i.GUIPROP_EXT__ClearLine) referenced from GUI_EncExt.o(.data)
 <LI><a href="#[93]">GUIPROP_EXT__DispLine</a> from GUI_EncExt.o(i.GUIPROP_EXT__DispLine) referenced from GUI_EncExt.o(.constdata)
 <LI><a href="#[b5]">GUIPROP_GetCharDistX</a> from GUI_CharP.o(i.GUIPROP_GetCharDistX) referenced 6 times from F13_1.o(.constdata)
 <LI><a href="#[b6]">GUIPROP_GetFontInfo</a> from GUI_CharP.o(i.GUIPROP_GetFontInfo) referenced 6 times from F13_1.o(.constdata)
 <LI><a href="#[b7]">GUIPROP_IsInFont</a> from GUI_CharP.o(i.GUIPROP_IsInFont) referenced 6 times from F13_1.o(.constdata)
 <LI><a href="#[76]">GUI_MEMDEV_Paint1Static</a> from GUIDEV_StaticDevices.o(i.GUI_MEMDEV_Paint1Static) referenced from WM.o(i.WM__PaintWinAndOverlays)
 <LI><a href="#[76]">GUI_MEMDEV_Paint1Static</a> from GUIDEV_StaticDevices.o(i.GUI_MEMDEV_Paint1Static) referenced from WM.o(i._PaintTransChildren)
 <LI><a href="#[81]">GUI_MEMDEV__WriteToActiveAlpha</a> from GUIDEV_WriteToActiveAlpha.o(i.GUI_MEMDEV__WriteToActiveAlpha) referenced from GUIDEV_32.o(i._GetDevFunc)
 <LI><a href="#[80]">GUI_MEMDEV__WriteToActiveOpaque</a> from GUIDEV_WriteToActiveOpaque.o(i.GUI_MEMDEV__WriteToActiveOpaque) referenced from GUIDEV_16.o(i._GetDevFunc)
 <LI><a href="#[6a]">GUI_TIMER_Exec</a> from GUI_Timer.o(i.GUI_TIMER_Exec) referenced from GUI_Timer.o(i.GUI_TIMER_Create)
 <LI><a href="#[ee]">GUI_USAGE_BM_AddHLine</a> from GUIDEV_UsageBM.o(i.GUI_USAGE_BM_AddHLine) referenced from GUIDEV_UsageBM.o(.constdata)
 <LI><a href="#[ed]">GUI_USAGE_BM_AddPixel</a> from GUIDEV_UsageBM.o(i.GUI_USAGE_BM_AddPixel) referenced from GUIDEV_UsageBM.o(.constdata)
 <LI><a href="#[ef]">GUI_USAGE_BM_Clear</a> from GUIDEV_UsageBM.o(i.GUI_USAGE_BM_Clear) referenced from GUIDEV_UsageBM.o(.constdata)
 <LI><a href="#[f1]">GUI_USAGE_BM_GetNextDirty</a> from GUIDEV_UsageBM.o(i.GUI_USAGE_BM_GetNextDirty) referenced from GUIDEV_UsageBM.o(.constdata)
 <LI><a href="#[106]">GUI_X_ExecIdle</a> from gui_x.o(.text.GUI_X_ExecIdle) referenced from GUI_WaitEvent.o(.data)
 <LI><a href="#[118]">GUI__MixColors</a> from GUI__Alpha.o(i.GUI__MixColors) referenced from GUI__Alpha.o(.data)
 <LI><a href="#[119]">GUI__MixColorsBulk</a> from GUI__Alpha.o(i.GUI__MixColorsBulk) referenced from GUI__Alpha.o(.data)
 <LI><a href="#[2]">HardFault_Handler</a> from retarget.o(.text.HardFault_Handler) referenced from startup_m031series.o(RESET)
 <LI><a href="#[4e]">Hard_Fault_Handler</a> from retarget.o(.text.Hard_Fault_Handler) referenced from retarget.o(.text.HardFault_Handler)
 <LI><a href="#[18]">I2C0_IRQHandler</a> from startup_m031series.o(.text) referenced from startup_m031series.o(RESET)
 <LI><a href="#[19]">I2C1_IRQHandler</a> from startup_m031series.o(.text) referenced from startup_m031series.o(RESET)
 <LI><a href="#[16]">ISP_IRQHandler</a> from startup_m031series.o(.text) referenced from startup_m031series.o(RESET)
 <LI><a href="#[11a]">LCD_AA_MixColors16</a> from LCD_AA.o(i.LCD_AA_MixColors16) referenced from LCD_AA.o(.data)
 <LI><a href="#[68]">LCD_DrawHLine</a> from LCD.o(i.LCD_DrawHLine) referenced from GUI_Core.o(.constdata)
 <LI><a href="#[68]">LCD_DrawHLine</a> from LCD.o(i.LCD_DrawHLine) referenced from GUI_DrawGradient.o(i.GUI_DrawGradientV)
 <LI><a href="#[92]">LCD_DrawPixel</a> from LCD.o(i.LCD_DrawPixel) referenced from GUI_Core.o(.constdata)
 <LI><a href="#[67]">LCD_DrawVLine</a> from LCD.o(i.LCD_DrawVLine) referenced from GUI_DrawGradient.o(i.GUI_DrawGradientH)
 <LI><a href="#[fc]">LCD_GetpPalConvTableBM</a> from LCD_Color.o(i.LCD_GetpPalConvTableBM) referenced from GUI_Core.o(.data)
 <LI><a href="#[8e]">LCD_Index2Color_M565</a> from GUICC_M565.o(i.LCD_Index2Color_M565) referenced from GUICC_M565.o(.constdata)
 <LI><a href="#[6c]">LCD_Index2Color_M8888I</a> from GUICC_M8888I_Index2Color.o(i.LCD_Index2Color_M8888I) referenced from GUICC_M8888I.o(.constdata)
 <LI><a href="#[6c]">LCD_Index2Color_M8888I</a> from GUICC_M8888I_Index2Color.o(i.LCD_Index2Color_M8888I) referenced from GUI__Alpha.o(i.GUI__DoAlphaBlending)
 <LI><a href="#[6c]">LCD_Index2Color_M8888I</a> from GUICC_M8888I_Index2Color.o(i.LCD_Index2Color_M8888I) referenced from GUIDEV_WriteToActiveAlpha.o(i._WriteToActiveAlpha)
 <LI><a href="#[1]">NMI_Handler</a> from startup_m031series.o(.text) referenced from startup_m031series.o(RESET)
 <LI><a href="#[20]">PDMA_IRQHandler</a> from ili9341.o(.text.PDMA_IRQHandler) referenced from startup_m031series.o(RESET)
 <LI><a href="#[6f]">PROGBAR_Callback</a> from PROGBAR.o(i.PROGBAR_Callback) referenced from PROGBAR.o(i.PROGBAR_CreateUser)
 <LI><a href="#[fb]">PROGBAR_CreateIndirect</a> from PROGBAR.o(i.PROGBAR_CreateIndirect) referenced 6 times from pg_home_big5.o(.rodata._aDialogCreate)
 <LI><a href="#[104]">PROGBAR_DrawSkinFlex</a> from PROGBAR_SkinFlex.o(i.PROGBAR_DrawSkinFlex) referenced from PROGBAR.o(.data)
 <LI><a href="#[c]">PWM0_IRQHandler</a> from startup_m031series.o(.text) referenced from startup_m031series.o(RESET)
 <LI><a href="#[d]">PWM1_IRQHandler</a> from startup_m031series.o(.text) referenced from startup_m031series.o(RESET)
 <LI><a href="#[22]">PWRWU_IRQHandler</a> from startup_m031series.o(.text) referenced from startup_m031series.o(RESET)
 <LI><a href="#[4]">PendSV_Handler</a> from startup_m031series.o(.text) referenced from startup_m031series.o(RESET)
 <LI><a href="#[15]">QSPI0_IRQHandler</a> from startup_m031series.o(.text) referenced from startup_m031series.o(RESET)
 <LI><a href="#[25]">RTC_IRQHandler</a> from startup_m031series.o(.text) referenced from startup_m031series.o(RESET)
 <LI><a href="#[0]">Reset_Handler</a> from startup_m031series.o(.text) referenced from startup_m031series.o(RESET)
 <LI><a href="#[14]">SPI0_IRQHandler</a> from ili9341.o(.text.SPI0_IRQHandler) referenced from startup_m031series.o(RESET)
 <LI><a href="#[3]">SVC_Handler</a> from startup_m031series.o(.text) referenced from startup_m031series.o(RESET)
 <LI><a href="#[5]">SysTick_Handler</a> from startup_m031series.o(.text) referenced from startup_m031series.o(RESET)
 <LI><a href="#[26]">SystemInit</a> from system_m031series.o(.text.SystemInit) referenced from startup_m031series.o(.text)
 <LI><a href="#[70]">TEXT_Callback</a> from TEXT.o(i.TEXT_Callback) referenced from TEXT.o(i.TEXT_CreateUser)
 <LI><a href="#[f9]">TEXT_CreateIndirect</a> from TEXT.o(i.TEXT_CreateIndirect) referenced 462 times from pg_language_big5.o(.rodata._aDialogCreate)
 <LI><a href="#[e]">TMR0_IRQHandler</a> from ptt_isr.o(.text.TMR0_IRQHandler) referenced from startup_m031series.o(RESET)
 <LI><a href="#[f]">TMR1_IRQHandler</a> from ptt_isr.o(.text.TMR1_IRQHandler) referenced from startup_m031series.o(RESET)
 <LI><a href="#[10]">TMR2_IRQHandler</a> from startup_m031series.o(.text) referenced from startup_m031series.o(RESET)
 <LI><a href="#[11]">TMR3_IRQHandler</a> from startup_m031series.o(.text) referenced from startup_m031series.o(RESET)
 <LI><a href="#[12]">UART02_IRQHandler</a> from ptt_isr.o(.text.UART02_IRQHandler) referenced from startup_m031series.o(RESET)
 <LI><a href="#[13]">UART13_IRQHandler</a> from ptt_isr.o(.text.UART13_IRQHandler) referenced from startup_m031series.o(RESET)
 <LI><a href="#[21]">UART46_IRQHandler</a> from startup_m031series.o(.text) referenced from startup_m031series.o(RESET)
 <LI><a href="#[17]">UART57_IRQHandler</a> from startup_m031series.o(.text) referenced from startup_m031series.o(RESET)
 <LI><a href="#[1d]">USBD_IRQHandler</a> from startup_m031series.o(.text) referenced from startup_m031series.o(RESET)
 <LI><a href="#[1c]">USCI01_IRQHandler</a> from startup_m031series.o(.text) referenced from startup_m031series.o(RESET)
 <LI><a href="#[7]">WDT_IRQHandler</a> from startup_m031series.o(.text) referenced from startup_m031series.o(RESET)
 <LI><a href="#[77]">WM__Paint1</a> from WM.o(i.WM__Paint1) referenced from WM.o(i.WM__PaintWinAndOverlays)
 <LI><a href="#[77]">WM__Paint1</a> from WM.o(i.WM__Paint1) referenced from WM.o(i._PaintTransChildren)
 <LI><a href="#[96]">_CalcSizeOfChar</a> from GUI_UC_EncodeUTF8.o(i._CalcSizeOfChar) referenced 2 times from GUI_UC_EncodeUTF8.o(.constdata)
 <LI><a href="#[90]">_Color2IndexBulk</a> from GUICC_M565.o(i._Color2IndexBulk) referenced from GUICC_M565.o(.constdata)
 <LI><a href="#[df]">_Color2IndexBulk_M8888I</a> from GUICC_M8888I.o(i._Color2IndexBulk_M8888I) referenced from GUICC_M8888I.o(.constdata)
 <LI><a href="#[da]">_Color2Index_0</a> from GUICC_0.o(i._Color2Index_0) referenced from GUICC_0.o(.constdata)
 <LI><a href="#[8d]">_Color2Index_M565</a> from GUICC_M565.o(i._Color2Index_M565) referenced from GUICC_M565.o(.constdata)
 <LI><a href="#[dd]">_Color2Index_M8888I</a> from GUICC_M8888I.o(i._Color2Index_M8888I) referenced from GUICC_M8888I.o(.constdata)
 <LI><a href="#[112]">_Create</a> from BUTTON_Skin.o(i._Create) referenced 3 times from BUTTON_Skin.o(.data)
 <LI><a href="#[98]">_DrawBitmap</a> from GUIDRV_FlexColor.o(i._DrawBitmap) referenced 3 times from GUIDRV_FlexColor.o(.constdata)
 <LI><a href="#[60]">_DrawBitmap</a> from GUIDRV_FlexColor_16bpp_C0B8.o(i._DrawBitmap) referenced from GUIDRV_FlexColor_16bpp_C0B8.o(i.GUIDRV_FlexColor_SetMode16bppC0B8)
 <LI><a href="#[d3]">_DrawDown</a> from WIDGET_Effect_None.o(i._DrawDown) referenced 2 times from WIDGET_Effect_None.o(.constdata)
 <LI><a href="#[d4]">_DrawDownRect</a> from WIDGET_Effect_None.o(i._DrawDownRect) referenced 2 times from WIDGET_Effect_None.o(.constdata)
 <LI><a href="#[d5]">_DrawFlat</a> from WIDGET_Effect_None.o(i._DrawFlat) referenced from WIDGET_Effect_None.o(.constdata)
 <LI><a href="#[99]">_DrawHLine</a> from GUIDRV_FlexColor.o(i._DrawHLine) referenced 3 times from GUIDRV_FlexColor.o(.constdata)
 <LI><a href="#[d1]">_DrawUp</a> from WIDGET_Effect_None.o(i._DrawUp) referenced 2 times from WIDGET_Effect_None.o(.constdata)
 <LI><a href="#[d2]">_DrawUpRect</a> from WIDGET_Effect_None.o(i._DrawUpRect) referenced 2 times from WIDGET_Effect_None.o(.constdata)
 <LI><a href="#[9a]">_DrawVLine</a> from GUIDRV_FlexColor.o(i._DrawVLine) referenced 3 times from GUIDRV_FlexColor.o(.constdata)
 <LI><a href="#[97]">_Encode</a> from GUI_UC_EncodeUTF8.o(i._Encode) referenced 2 times from GUI_UC_EncodeUTF8.o(.constdata)
 <LI><a href="#[9b]">_FillRect</a> from GUIDRV_FlexColor.o(i._FillRect) referenced 3 times from GUIDRV_FlexColor.o(.constdata)
 <LI><a href="#[61]">_FillRect</a> from GUIDRV_FlexColor_16bpp_C0B8.o(i._FillRect) referenced from GUIDRV_FlexColor_16bpp_C0B8.o(i.GUIDRV_FlexColor_SetMode16bppC0B8)
 <LI><a href="#[f0]">_GUI_USAGE_BM_Delete</a> from GUIDEV_UsageBM.o(i._GUI_USAGE_BM_Delete) referenced from GUIDEV_UsageBM.o(.constdata)
 <LI><a href="#[113]">_GetBorderSize</a> from FRAMEWIN_Skin.o(i._GetBorderSize) referenced from FRAMEWIN_Skin.o(.data)
 <LI><a href="#[94]">_GetCharCode</a> from GUI_UC_EncodeUTF8.o(i._GetCharCode) referenced 2 times from GUI_UC_EncodeUTF8.o(.constdata)
 <LI><a href="#[95]">_GetCharSize</a> from GUI_UC_EncodeUTF8.o(i._GetCharSize) referenced 2 times from GUI_UC_EncodeUTF8.o(.constdata)
 <LI><a href="#[110]">_GetCharWrap</a> from GUI__Wrap.o(i._GetCharWrap) referenced from GUI__Wrap.o(.data)
 <LI><a href="#[109]">_GetCursorCharacter</a> from GUI__GetCursorPos.o(i._GetCursorCharacter) referenced from GUI__GetCursorPos.o(.data)
 <LI><a href="#[108]">_GetCursorPosChar</a> from GUI__GetCursorPos.o(i._GetCursorPosChar) referenced from GUI__GetCursorPos.o(.data)
 <LI><a href="#[107]">_GetCursorPosX</a> from GUI__GetCursorPos.o(i._GetCursorPosX) referenced from GUI__GetCursorPos.o(.data)
 <LI><a href="#[a2]">_GetDevData</a> from GUIDRV_FlexColor.o(i._GetDevData) referenced 3 times from GUIDRV_FlexColor.o(.constdata)
 <LI><a href="#[a0]">_GetDevFunc</a> from GUIDRV_FlexColor.o(i._GetDevFunc) referenced 3 times from GUIDRV_FlexColor.o(.constdata)
 <LI><a href="#[7f]">_GetDevFunc_Exit</a> from GUIDRV_FlexColor.o(i._GetDevFunc_Exit) referenced from GUIDRV_FlexColor.o(i._GetDevFunc)
 <LI><a href="#[7c]">_GetDevFunc_Init</a> from GUIDRV_FlexColor.o(i._GetDevFunc_Init) referenced from GUIDRV_FlexColor.o(i._GetDevFunc)
 <LI><a href="#[79]">_GetDevFunc_Off</a> from GUIDRV_FlexColor.o(i._GetDevFunc_Off) referenced from GUIDRV_FlexColor.o(i._GetDevFunc)
 <LI><a href="#[78]">_GetDevFunc_On</a> from GUIDRV_FlexColor.o(i._GetDevFunc_On) referenced from GUIDRV_FlexColor.o(i._GetDevFunc)
 <LI><a href="#[82]">_GetDevFunc_SetRect</a> from GUIDRV_FlexColor.o(i._GetDevFunc_SetRect) referenced from GUIDRV_FlexColor.o(i._GetDevFunc_SetRectOutside)
 <LI><a href="#[7e]">_GetDevFunc_SetRectOutside</a> from GUIDRV_FlexColor.o(i._GetDevFunc_SetRectOutside) referenced from GUIDRV_FlexColor.o(i._GetDevFunc)
 <LI><a href="#[7b]">_GetDevFunc_SetSize</a> from GUIDRV_FlexColor.o(i._GetDevFunc_SetSize) referenced from GUIDRV_FlexColor.o(i._GetDevFunc)
 <LI><a href="#[7a]">_GetDevFunc_SetVSize</a> from GUIDRV_FlexColor.o(i._GetDevFunc_SetVSize) referenced from GUIDRV_FlexColor.o(i._GetDevFunc)
 <LI><a href="#[a1]">_GetDevProp</a> from GUIDRV_FlexColor.o(i._GetDevProp) referenced 3 times from GUIDRV_FlexColor.o(.constdata)
 <LI><a href="#[dc]">_GetIndexMask_0</a> from GUICC_0.o(i._GetIndexMask_0) referenced from GUICC_0.o(.constdata)
 <LI><a href="#[8f]">_GetIndexMask_M565</a> from GUICC_M565.o(i._GetIndexMask_M565) referenced from GUICC_M565.o(.constdata)
 <LI><a href="#[de]">_GetIndexMask_M8888I</a> from GUICC_M8888I.o(i._GetIndexMask_M8888I) referenced from GUICC_M8888I.o(.constdata)
 <LI><a href="#[9c]">_GetPixelIndex</a> from GUIDRV_FlexColor.o(i._GetPixelIndex) referenced 3 times from GUIDRV_FlexColor.o(.constdata)
 <LI><a href="#[a3]">_GetRect</a> from GUIDRV_FlexColor.o(i._GetRect) referenced 3 times from GUIDRV_FlexColor.o(.constdata)
 <LI><a href="#[10f]">_GetWordWrap</a> from GUI__Wrap.o(i._GetWordWrap) referenced from GUI__Wrap.o(.data)
 <LI><a href="#[91]">_Index2ColorBulk</a> from GUICC_M565.o(i._Index2ColorBulk) referenced from GUICC_M565.o(.constdata)
 <LI><a href="#[e0]">_Index2ColorBulk_M8888I</a> from GUICC_M8888I.o(i._Index2ColorBulk_M8888I) referenced from GUICC_M8888I.o(.constdata)
 <LI><a href="#[db]">_Index2Color_0</a> from GUICC_0.o(i._Index2Color_0) referenced from GUICC_0.o(.constdata)
 <LI><a href="#[a4]">_Log2PhysX_X0Y0S0</a> from GUIDRV_FlexColor.o(i._Log2PhysX_X0Y0S0) referenced from GUIDRV_FlexColor.o(.constdata)
 <LI><a href="#[a8]">_Log2PhysX_X0Y0S1</a> from GUIDRV_FlexColor.o(i._Log2PhysX_X0Y0S1) referenced from GUIDRV_FlexColor.o(.constdata)
 <LI><a href="#[a6]">_Log2PhysX_X0Y1S0</a> from GUIDRV_FlexColor.o(i._Log2PhysX_X0Y1S0) referenced from GUIDRV_FlexColor.o(.constdata)
 <LI><a href="#[aa]">_Log2PhysX_X0Y1S1</a> from GUIDRV_FlexColor.o(i._Log2PhysX_X0Y1S1) referenced from GUIDRV_FlexColor.o(.constdata)
 <LI><a href="#[a5]">_Log2PhysX_X1Y0S0</a> from GUIDRV_FlexColor.o(i._Log2PhysX_X1Y0S0) referenced from GUIDRV_FlexColor.o(.constdata)
 <LI><a href="#[a9]">_Log2PhysX_X1Y0S1</a> from GUIDRV_FlexColor.o(i._Log2PhysX_X1Y0S1) referenced from GUIDRV_FlexColor.o(.constdata)
 <LI><a href="#[a7]">_Log2PhysX_X1Y1S0</a> from GUIDRV_FlexColor.o(i._Log2PhysX_X1Y1S0) referenced from GUIDRV_FlexColor.o(.constdata)
 <LI><a href="#[ab]">_Log2PhysX_X1Y1S1</a> from GUIDRV_FlexColor.o(i._Log2PhysX_X1Y1S1) referenced from GUIDRV_FlexColor.o(.constdata)
 <LI><a href="#[ac]">_Log2PhysY_X0Y0S0</a> from GUIDRV_FlexColor.o(i._Log2PhysY_X0Y0S0) referenced from GUIDRV_FlexColor.o(.constdata)
 <LI><a href="#[b0]">_Log2PhysY_X0Y0S1</a> from GUIDRV_FlexColor.o(i._Log2PhysY_X0Y0S1) referenced from GUIDRV_FlexColor.o(.constdata)
 <LI><a href="#[ae]">_Log2PhysY_X0Y1S0</a> from GUIDRV_FlexColor.o(i._Log2PhysY_X0Y1S0) referenced from GUIDRV_FlexColor.o(.constdata)
 <LI><a href="#[b2]">_Log2PhysY_X0Y1S1</a> from GUIDRV_FlexColor.o(i._Log2PhysY_X0Y1S1) referenced from GUIDRV_FlexColor.o(.constdata)
 <LI><a href="#[ad]">_Log2PhysY_X1Y0S0</a> from GUIDRV_FlexColor.o(i._Log2PhysY_X1Y0S0) referenced from GUIDRV_FlexColor.o(.constdata)
 <LI><a href="#[b1]">_Log2PhysY_X1Y0S1</a> from GUIDRV_FlexColor.o(i._Log2PhysY_X1Y0S1) referenced from GUIDRV_FlexColor.o(.constdata)
 <LI><a href="#[af]">_Log2PhysY_X1Y1S0</a> from GUIDRV_FlexColor.o(i._Log2PhysY_X1Y1S0) referenced from GUIDRV_FlexColor.o(.constdata)
 <LI><a href="#[b3]">_Log2PhysY_X1Y1S1</a> from GUIDRV_FlexColor.o(i._Log2PhysY_X1Y1S1) referenced from GUIDRV_FlexColor.o(.constdata)
 <LI><a href="#[105]">_Log2VisBuffered</a> from GUI_CharLine.o(i._Log2VisBuffered) referenced from GUI_CharLine.o(.data)
 <LI><a href="#[bc]">_MULTIBUF_Begin</a> from WM_MULTIBUF.o(i._MULTIBUF_Begin) referenced from WM_MULTIBUF.o(.constdata)
 <LI><a href="#[bd]">_MULTIBUF_End</a> from WM_MULTIBUF.o(i._MULTIBUF_End) referenced from WM_MULTIBUF.o(.constdata)
 <LI><a href="#[69]">_OnExit</a> from GUI_Core.o(i._OnExit) referenced from GUI_Core.o(i.GUI_Init)
 <LI><a href="#[6b]">_OnExit</a> from GUI_Timer.o(i._OnExit) referenced from GUI_Timer.o(i.GUI_TIMER_Create)
 <LI><a href="#[6d]">_OnExit</a> from GUI__Alpha.o(i._OnExit) referenced from GUI__Alpha.o(i.GUI__GetAlphaBuffer)
 <LI><a href="#[6e]">_OnExit</a> from LCD_Color.o(i._OnExit) referenced from LCD_Color.o(i.LCD_InitColors)
 <LI><a href="#[74]">_OnExit</a> from WM.o(i._OnExit) referenced from WM.o(i.WM_Init)
 <LI><a href="#[100]">_OnTouchDefault</a> from BUTTON.o(i._OnTouchDefault) referenced from BUTTON.o(.data)
 <LI><a href="#[111]">_Paint</a> from BUTTON_Skin.o(i._Paint) referenced 3 times from BUTTON_Skin.o(.data)
 <LI><a href="#[52]">_Read1</a> from ili9341.o(.text._Read1) referenced from lcdconf.o(.text.LCD_X_Config)
 <LI><a href="#[64]">_ReadData</a> from GUIDRV_FlexColor_16bpp_C0B8.o(i._ReadData) referenced from GUIDRV_FlexColor_16bpp_C0B8.o(i.GUIDRV_FlexColor_SetMode16bppC0B8)
 <LI><a href="#[53]">_ReadM1</a> from ili9341.o(.text._ReadM1) referenced from lcdconf.o(.text.LCD_X_Config)
 <LI><a href="#[85]">_ReadPixelCust_16bpp</a> from GUIDRV_FlexColor.o(i._ReadPixelCust_16bpp) referenced from GUIDRV_FlexColor.o(i._SetDevFunc)
 <LI><a href="#[84]">_ReadPixelCust_18bpp</a> from GUIDRV_FlexColor.o(i._ReadPixelCust_18bpp) referenced from GUIDRV_FlexColor.o(i._SetDevFunc)
 <LI><a href="#[fe]">_ReadPixel_16bpp_B16_I</a> from GUIDRV_FlexColor_Func66709.o(i._ReadPixel_16bpp_B16_I) referenced from GUIDRV_FlexColor_Func66709.o(.data)
 <LI><a href="#[5d]">_ReadPixel_16bpp_B8</a> from GUIDRV_FlexColor_Func66709.o(i._ReadPixel_16bpp_B8) referenced from GUIDRV_FlexColor_Func66709.o(i.GUIDRV_FlexColor_SetFunc66709)
 <LI><a href="#[86]">_ReadRectCust_16bpp</a> from GUIDRV_FlexColor.o(i._ReadRectCust_16bpp) referenced from GUIDRV_FlexColor.o(i._SetDevFunc)
 <LI><a href="#[83]">_ReadRectCust_18bpp</a> from GUIDRV_FlexColor.o(i._ReadRectCust_18bpp) referenced from GUIDRV_FlexColor.o(i._SetDevFunc)
 <LI><a href="#[ff]">_ReadRect_16bpp_B16_I</a> from GUIDRV_FlexColor_Func66709.o(i._ReadRect_16bpp_B16_I) referenced from GUIDRV_FlexColor_Func66709.o(.data)
 <LI><a href="#[5e]">_ReadRect_16bpp_B8</a> from GUIDRV_FlexColor_Func66709.o(i._ReadRect_16bpp_B8) referenced from GUIDRV_FlexColor_Func66709.o(i.GUIDRV_FlexColor_SetFunc66709)
 <LI><a href="#[c3]">_SetBkColor</a> from LCD.o(i._SetBkColor) referenced from LCD.o(.constdata)
 <LI><a href="#[c2]">_SetColor</a> from LCD.o(i._SetColor) referenced from LCD.o(.constdata)
 <LI><a href="#[7d]">_SetDevFunc</a> from GUIDRV_FlexColor.o(i._SetDevFunc) referenced from GUIDRV_FlexColor.o(i._GetDevFunc)
 <LI><a href="#[c4]">_SetDrawMode</a> from LCD.o(i._SetDrawMode) referenced from LCD.o(.constdata)
 <LI><a href="#[5f]">_SetInterface</a> from GUIDRV_FlexColor_Func66709.o(i._SetInterface) referenced from GUIDRV_FlexColor_Func66709.o(i.GUIDRV_FlexColor_SetFunc66709)
 <LI><a href="#[9f]">_SetOrg</a> from GUIDRV_FlexColor.o(i._SetOrg) referenced 3 times from GUIDRV_FlexColor.o(.constdata)
 <LI><a href="#[5c]">_SetOrientation</a> from GUIDRV_FlexColor_Func66709.o(i._SetOrientation) referenced from GUIDRV_FlexColor_Func66709.o(i.GUIDRV_FlexColor_SetFunc66709)
 <LI><a href="#[5a]">_SetPhysRAMAddr</a> from GUIDRV_FlexColor_Func66709.o(i._SetPhysRAMAddr) referenced from GUIDRV_FlexColor_Func66709.o(i.GUIDRV_FlexColor_SetFunc66709)
 <LI><a href="#[9d]">_SetPixelIndex</a> from GUIDRV_FlexColor.o(i._SetPixelIndex) referenced 3 times from GUIDRV_FlexColor.o(.constdata)
 <LI><a href="#[5b]">_SetRect</a> from GUIDRV_FlexColor_Func66709.o(i._SetRect) referenced from GUIDRV_FlexColor_Func66709.o(i.GUIDRV_FlexColor_SetFunc66709)
 <LI><a href="#[87]">_SetReg_B16</a> from GUIDRV_FlexColor_Func66709.o(i._SetReg_B16) referenced from GUIDRV_FlexColor_Func66709.o(i._SetInterface)
 <LI><a href="#[89]">_SetReg_B8</a> from GUIDRV_FlexColor_Func66709.o(i._SetReg_B8) referenced from GUIDRV_FlexColor_Func66709.o(i._SetInterface)
 <LI><a href="#[4f]">_Write0</a> from ili9341.o(.text._Write0) referenced from lcdconf.o(.text.LCD_X_Config)
 <LI><a href="#[50]">_Write1</a> from ili9341.o(.text._Write1) referenced from lcdconf.o(.text.LCD_X_Config)
 <LI><a href="#[65]">_WriteData</a> from GUIDRV_FlexColor_16bpp_C0B8.o(i._WriteData) referenced from GUIDRV_FlexColor_16bpp_C0B8.o(i.GUIDRV_FlexColor_SetMode16bppC0B8)
 <LI><a href="#[51]">_WriteM1</a> from ili9341.o(.text._WriteM1) referenced from lcdconf.o(.text.LCD_X_Config)
 <LI><a href="#[88]">_WritePara_B16</a> from GUIDRV_FlexColor_Func66709.o(i._WritePara_B16) referenced from GUIDRV_FlexColor_Func66709.o(i._SetInterface)
 <LI><a href="#[8a]">_WritePara_B8</a> from GUIDRV_FlexColor_Func66709.o(i._WritePara_B8) referenced from GUIDRV_FlexColor_Func66709.o(i._SetInterface)
 <LI><a href="#[9e]">_XorPixel</a> from GUIDRV_FlexColor.o(i._XorPixel) referenced 3 times from GUIDRV_FlexColor.o(.constdata)
 <LI><a href="#[27]">__main</a> from __main.o(!!!main) referenced from startup_m031series.o(.text)
 <LI><a href="#[73]">_cbBackWin</a> from WM.o(i._cbBackWin) referenced from WM.o(i.WM_Init)
 <LI><a href="#[2d]">_cbDialog</a> from pg_home_big5.o(.text._cbDialog) referenced from pg_home_big5.o(.text.CreateMain_BIG5)
 <LI><a href="#[2e]">_cbDialog</a> from pg_home_en.o(.text._cbDialog) referenced from pg_home_en.o(.text.CreateMain_EN)
 <LI><a href="#[2f]">_cbDialog</a> from pg_home_gb.o(.text._cbDialog) referenced from pg_home_gb.o(.text.CreateMain_GB)
 <LI><a href="#[30]">_cbDialog</a> from pg_tool_mode_big5.o(.text._cbDialog) referenced from pg_tool_mode_big5.o(.text.CreateS1_Tool_Mode_BIG5)
 <LI><a href="#[31]">_cbDialog</a> from pg_tool_mode_en.o(.text._cbDialog) referenced from pg_tool_mode_en.o(.text.CreateS1_Tool_Mode_EN)
 <LI><a href="#[32]">_cbDialog</a> from pg_tool_mode_gb.o(.text._cbDialog) referenced from pg_tool_mode_gb.o(.text.CreateS1_Tool_Mode_GB)
 <LI><a href="#[33]">_cbDialog</a> from pg_call_job_big5.o(.text._cbDialog) referenced from pg_call_job_big5.o(.text.CreateS2_Switch_Job_BIG5)
 <LI><a href="#[34]">_cbDialog</a> from pg_call_job_en.o(.text._cbDialog) referenced from pg_call_job_en.o(.text.CreateS2_Switch_Job_EN)
 <LI><a href="#[35]">_cbDialog</a> from pg_call_job_gb.o(.text._cbDialog) referenced from pg_call_job_gb.o(.text.CreateS2_Switch_Job_GB)
 <LI><a href="#[36]">_cbDialog</a> from pg_js_2_step2_1_big5.o(.text._cbDialog) referenced from pg_js_2_step2_1_big5.o(.text.CreateS3_1A_Step1_1_BIG5)
 <LI><a href="#[37]">_cbDialog</a> from pg_js_2_step2_1_en.o(.text._cbDialog) referenced from pg_js_2_step2_1_en.o(.text.CreateS3_1A_Step1_1_EN)
 <LI><a href="#[38]">_cbDialog</a> from pg_js_2_step2_1_gb.o(.text._cbDialog) referenced from pg_js_2_step2_1_gb.o(.text.CreateS3_1A_Step1_1_GB)
 <LI><a href="#[39]">_cbDialog</a> from pg_js_1_jobseq_big5.o(.text._cbDialog) referenced from pg_js_1_jobseq_big5.o(.text.CreateS3_1_Sequence_BIG5)
 <LI><a href="#[3a]">_cbDialog</a> from pg_js_1_jobseq_en.o(.text._cbDialog) referenced from pg_js_1_jobseq_en.o(.text.CreateS3_1_Sequence_EN)
 <LI><a href="#[3b]">_cbDialog</a> from pg_js_1_jobseq_gb.o(.text._cbDialog) referenced from pg_js_1_jobseq_gb.o(.text.CreateS3_1_Sequence_GB)
 <LI><a href="#[3c]">_cbDialog</a> from pg_js_3_step2_2_big5.o(.text._cbDialog) referenced from pg_js_3_step2_2_big5.o(.text.CreateS3_2_Step1_2A_BIG5)
 <LI><a href="#[3d]">_cbDialog</a> from pg_js_3_step2_2_en.o(.text._cbDialog) referenced from pg_js_3_step2_2_en.o(.text.CreateS3_2_Step1_2A_EN)
 <LI><a href="#[3e]">_cbDialog</a> from pg_js_3_step2_2_gb.o(.text._cbDialog) referenced from pg_js_3_step2_2_gb.o(.text.CreateS3_2_Step1_2A_GB)
 <LI><a href="#[3f]">_cbDialog</a> from pg_js_0_job_big5.o(.text._cbDialog) referenced from pg_js_0_job_big5.o(.text.CreateS3_Job_BIG5)
 <LI><a href="#[40]">_cbDialog</a> from pg_js_0_job_en.o(.text._cbDialog) referenced from pg_js_0_job_en.o(.text.CreateS3_Job_EN)
 <LI><a href="#[41]">_cbDialog</a> from pg_js_0_job_gb.o(.text._cbDialog) referenced from pg_js_0_job_gb.o(.text.CreateS3_Job_GB)
 <LI><a href="#[42]">_cbDialog</a> from pg_net_info_big5.o(.text._cbDialog) referenced from pg_net_info_big5.o(.text.CreateS4_Network_Info_BIG5)
 <LI><a href="#[43]">_cbDialog</a> from pg_net_info_en.o(.text._cbDialog) referenced from pg_net_info_en.o(.text.CreateS4_Network_Info_EN)
 <LI><a href="#[44]">_cbDialog</a> from pg_net_info_gb.o(.text._cbDialog) referenced from pg_net_info_gb.o(.text.CreateS4_Network_Info_GB)
 <LI><a href="#[45]">_cbDialog</a> from pg_net_ap_info_big5.o(.text._cbDialog) referenced from pg_net_ap_info_big5.o(.text.CreateS5_Network_AP_Info_BIG5)
 <LI><a href="#[46]">_cbDialog</a> from pg_net_ap_info_en.o(.text._cbDialog) referenced from pg_net_ap_info_en.o(.text.CreateS5_Network_AP_Info_EN)
 <LI><a href="#[47]">_cbDialog</a> from pg_net_ap_info_gb.o(.text._cbDialog) referenced from pg_net_ap_info_gb.o(.text.CreateS5_Network_AP_Info_GB)
 <LI><a href="#[48]">_cbDialog</a> from pg_tool_info_big5.o(.text._cbDialog) referenced from pg_tool_info_big5.o(.text.CreateS6_Driver_Info_BIG5)
 <LI><a href="#[49]">_cbDialog</a> from pg_tool_info_en.o(.text._cbDialog) referenced from pg_tool_info_en.o(.text.CreateS6_Driver_Info_EN)
 <LI><a href="#[4a]">_cbDialog</a> from pg_tool_info_gb.o(.text._cbDialog) referenced from pg_tool_info_gb.o(.text.CreateS6_Driver_Info_GB)
 <LI><a href="#[4b]">_cbDialog</a> from pg_language_big5.o(.text._cbDialog) referenced from pg_language_big5.o(.text.CreateS7_1_Language_BIG5)
 <LI><a href="#[4c]">_cbDialog</a> from pg_language_en.o(.text._cbDialog) referenced from pg_language_en.o(.text.CreateS7_1_Language_EN)
 <LI><a href="#[4d]">_cbDialog</a> from pg_language_gb.o(.text._cbDialog) referenced from pg_language_gb.o(.text.CreateS7_1_Language_GB)
 <LI><a href="#[71]">_cbInvalidateOne</a> from WM_BringToTop.o(i._cbInvalidateOne) referenced from WM_BringToTop.o(i.WM_BringToTop)
 <LI><a href="#[75]">_cbPaintMemDev</a> from WM.o(i._cbPaintMemDev) referenced from WM.o(i.WM__Paint)
 <LI><a href="#[75]">_cbPaintMemDev</a> from WM.o(i._cbPaintMemDev) referenced from WM.o(i._Exec1Draw)
 <LI><a href="#[72]">_cbTimer</a> from WM_Timer.o(i._cbTimer) referenced from WM_Timer.o(i.WM_CreateTimer)
 <LI><a href="#[2c]">_get_lc_ctype</a> from lc_ctype_c.o(locale$$code) referenced from rt_ctype_table.o(.text)
 <LI><a href="#[8b]">_printf_fp_dec_real</a> from _printf_fp_dec.o(.text) referenced from printf1.o(x$fpl$printf1)
 <LI><a href="#[8c]">_printf_fp_hex_real</a> from _printf_fp_hex.o(.text) referenced from printf2.o(x$fpl$printf2)
 <LI><a href="#[2a]">_printf_input_char</a> from _printf_char_common.o(.text) referenced from _printf_char_common.o(.text)
 <LI><a href="#[29]">_snputc</a> from _snputc.o(.text) referenced from snprintf.o(.text)
 <LI><a href="#[28]">_sputc</a> from _sputc.o(.text) referenced from sprintf.o(.text)
 <LI><a href="#[2b]">fputc</a> from retarget.o(.text.fputc) referenced from _printf_char_file.o(.text)
 <LI><a href="#[10b]">memcpy</a> from memcpy.o(.text) referenced from GUI__Private.o(.data)
 <LI><a href="#[10a]">memset</a> from memset.o(.text) referenced from GUI__Private.o(.data)
 <LI><a href="#[10c]">strcmp</a> from strcmpv6m.o(.text) referenced from GUI__Private.o(.data)
 <LI><a href="#[10e]">strcpy</a> from strcpy.o(.text) referenced from GUI__Private.o(.data)
 <LI><a href="#[10d]">strlen</a> from strlen.o(.text) referenced from GUI__Private.o(.data)
</UL>
<P>
<H3>
Global Symbols
</H3>
<P><STRONG><a name="[27]"></a>__main</STRONG> (Thumb, 8 bytes, Stack size 0 bytes, __main.o(!!!main))
<BR><BR>[Calls]<UL><LI><a href="#[11e]">&gt;&gt;</a>&nbsp;&nbsp;&nbsp;__rt_entry
<LI><a href="#[11d]">&gt;&gt;</a>&nbsp;&nbsp;&nbsp;__scatterload
</UL>
<BR>[Address Reference Count : 1]<UL><LI> startup_m031series.o(.text)
</UL>
<P><STRONG><a name="[11d]"></a>__scatterload</STRONG> (Thumb, 0 bytes, Stack size unknown bytes, __scatter.o(!!!scatter))
<BR><BR>[Called By]<UL><LI><a href="#[27]">&gt;&gt;</a>&nbsp;&nbsp;&nbsp;__main
</UL>

<P><STRONG><a name="[11f]"></a>__scatterload_rt2</STRONG> (Thumb, 52 bytes, Stack size unknown bytes, __scatter.o(!!!scatter), UNUSED)
<BR><BR>[Calls]<UL><LI><a href="#[11e]">&gt;&gt;</a>&nbsp;&nbsp;&nbsp;__rt_entry
</UL>

<P><STRONG><a name="[391]"></a>__scatterload_rt2_thumb_only</STRONG> (Thumb, 0 bytes, Stack size unknown bytes, __scatter.o(!!!scatter), UNUSED)

<P><STRONG><a name="[392]"></a>__scatterload_null</STRONG> (Thumb, 0 bytes, Stack size unknown bytes, __scatter.o(!!!scatter), UNUSED)

<P><STRONG><a name="[120]"></a>__scatterload_copy</STRONG> (Thumb, 26 bytes, Stack size unknown bytes, __scatter_copy.o(!!handler_copy), UNUSED)
<BR><BR>[Calls]<UL><LI><a href="#[120]">&gt;&gt;</a>&nbsp;&nbsp;&nbsp;__scatterload_copy
</UL>
<BR>[Called By]<UL><LI><a href="#[120]">&gt;&gt;</a>&nbsp;&nbsp;&nbsp;__scatterload_copy
</UL>

<P><STRONG><a name="[393]"></a>__scatterload_zeroinit</STRONG> (Thumb, 28 bytes, Stack size unknown bytes, __scatter_zi.o(!!handler_zi), UNUSED)

<P><STRONG><a name="[173]"></a>_printf_percent</STRONG> (Thumb, 0 bytes, Stack size unknown bytes, _printf_percent.o(.ARM.Collect$$_printf_percent$$00000000))
<BR><BR>[Called By]<UL><LI><a href="#[16b]">&gt;&gt;</a>&nbsp;&nbsp;&nbsp;__printf
</UL>

<P><STRONG><a name="[121]"></a>_printf_n</STRONG> (Thumb, 0 bytes, Stack size unknown bytes, _printf_n.o(.ARM.Collect$$_printf_percent$$00000001))
<BR><BR>[Stack]<UL><LI>Max Depth = 96 + Unknown Stack Size
<LI>Call Chain = _printf_n &rArr; _printf_p &rArr; _printf_f &rArr; _printf_e &rArr; _printf_g &rArr; _printf_a &rArr; _printf_ll &rArr; _printf_i &rArr; _printf_d &rArr; _printf_u &rArr; _printf_o &rArr; _printf_x &rArr; _printf_int_hex &rArr; _printf_longlong_hex &rArr; _printf_int_common &rArr; _printf_post_padding
</UL>
<BR>[Calls]<UL><LI><a href="#[122]">&gt;&gt;</a>&nbsp;&nbsp;&nbsp;_printf_p
<LI><a href="#[123]">&gt;&gt;</a>&nbsp;&nbsp;&nbsp;_printf_charcount
</UL>

<P><STRONG><a name="[122]"></a>_printf_p</STRONG> (Thumb, 0 bytes, Stack size unknown bytes, _printf_p.o(.ARM.Collect$$_printf_percent$$00000002))
<BR><BR>[Stack]<UL><LI>Max Depth = 96 + Unknown Stack Size
<LI>Call Chain = _printf_p &rArr; _printf_f &rArr; _printf_e &rArr; _printf_g &rArr; _printf_a &rArr; _printf_ll &rArr; _printf_i &rArr; _printf_d &rArr; _printf_u &rArr; _printf_o &rArr; _printf_x &rArr; _printf_int_hex &rArr; _printf_longlong_hex &rArr; _printf_int_common &rArr; _printf_post_padding
</UL>
<BR>[Calls]<UL><LI><a href="#[124]">&gt;&gt;</a>&nbsp;&nbsp;&nbsp;_printf_f
<LI><a href="#[125]">&gt;&gt;</a>&nbsp;&nbsp;&nbsp;_printf_hex_ptr
</UL>
<BR>[Called By]<UL><LI><a href="#[121]">&gt;&gt;</a>&nbsp;&nbsp;&nbsp;_printf_n
</UL>

<P><STRONG><a name="[124]"></a>_printf_f</STRONG> (Thumb, 0 bytes, Stack size unknown bytes, _printf_f.o(.ARM.Collect$$_printf_percent$$00000003))
<BR><BR>[Stack]<UL><LI>Max Depth = 96 + Unknown Stack Size
<LI>Call Chain = _printf_f &rArr; _printf_e &rArr; _printf_g &rArr; _printf_a &rArr; _printf_ll &rArr; _printf_i &rArr; _printf_d &rArr; _printf_u &rArr; _printf_o &rArr; _printf_x &rArr; _printf_int_hex &rArr; _printf_longlong_hex &rArr; _printf_int_common &rArr; _printf_post_padding
</UL>
<BR>[Calls]<UL><LI><a href="#[127]">&gt;&gt;</a>&nbsp;&nbsp;&nbsp;_printf_fp_dec
<LI><a href="#[126]">&gt;&gt;</a>&nbsp;&nbsp;&nbsp;_printf_e
</UL>
<BR>[Called By]<UL><LI><a href="#[122]">&gt;&gt;</a>&nbsp;&nbsp;&nbsp;_printf_p
</UL>

<P><STRONG><a name="[126]"></a>_printf_e</STRONG> (Thumb, 0 bytes, Stack size unknown bytes, _printf_e.o(.ARM.Collect$$_printf_percent$$00000004))
<BR><BR>[Stack]<UL><LI>Max Depth = 96 + Unknown Stack Size
<LI>Call Chain = _printf_e &rArr; _printf_g &rArr; _printf_a &rArr; _printf_ll &rArr; _printf_i &rArr; _printf_d &rArr; _printf_u &rArr; _printf_o &rArr; _printf_x &rArr; _printf_int_hex &rArr; _printf_longlong_hex &rArr; _printf_int_common &rArr; _printf_post_padding
</UL>
<BR>[Calls]<UL><LI><a href="#[127]">&gt;&gt;</a>&nbsp;&nbsp;&nbsp;_printf_fp_dec
<LI><a href="#[128]">&gt;&gt;</a>&nbsp;&nbsp;&nbsp;_printf_g
</UL>
<BR>[Called By]<UL><LI><a href="#[124]">&gt;&gt;</a>&nbsp;&nbsp;&nbsp;_printf_f
</UL>

<P><STRONG><a name="[128]"></a>_printf_g</STRONG> (Thumb, 0 bytes, Stack size unknown bytes, _printf_g.o(.ARM.Collect$$_printf_percent$$00000005))
<BR><BR>[Stack]<UL><LI>Max Depth = 96 + Unknown Stack Size
<LI>Call Chain = _printf_g &rArr; _printf_a &rArr; _printf_ll &rArr; _printf_i &rArr; _printf_d &rArr; _printf_u &rArr; _printf_o &rArr; _printf_x &rArr; _printf_int_hex &rArr; _printf_longlong_hex &rArr; _printf_int_common &rArr; _printf_post_padding
</UL>
<BR>[Calls]<UL><LI><a href="#[127]">&gt;&gt;</a>&nbsp;&nbsp;&nbsp;_printf_fp_dec
<LI><a href="#[129]">&gt;&gt;</a>&nbsp;&nbsp;&nbsp;_printf_a
</UL>
<BR>[Called By]<UL><LI><a href="#[126]">&gt;&gt;</a>&nbsp;&nbsp;&nbsp;_printf_e
</UL>

<P><STRONG><a name="[129]"></a>_printf_a</STRONG> (Thumb, 0 bytes, Stack size unknown bytes, _printf_a.o(.ARM.Collect$$_printf_percent$$00000006))
<BR><BR>[Stack]<UL><LI>Max Depth = 96 + Unknown Stack Size
<LI>Call Chain = _printf_a &rArr; _printf_ll &rArr; _printf_i &rArr; _printf_d &rArr; _printf_u &rArr; _printf_o &rArr; _printf_x &rArr; _printf_int_hex &rArr; _printf_longlong_hex &rArr; _printf_int_common &rArr; _printf_post_padding
</UL>
<BR>[Calls]<UL><LI><a href="#[12b]">&gt;&gt;</a>&nbsp;&nbsp;&nbsp;_printf_fp_hex
<LI><a href="#[12a]">&gt;&gt;</a>&nbsp;&nbsp;&nbsp;_printf_ll
</UL>
<BR>[Called By]<UL><LI><a href="#[128]">&gt;&gt;</a>&nbsp;&nbsp;&nbsp;_printf_g
</UL>

<P><STRONG><a name="[12a]"></a>_printf_ll</STRONG> (Thumb, 0 bytes, Stack size unknown bytes, _printf_ll.o(.ARM.Collect$$_printf_percent$$00000007))
<BR><BR>[Stack]<UL><LI>Max Depth = 96 + Unknown Stack Size
<LI>Call Chain = _printf_ll &rArr; _printf_i &rArr; _printf_d &rArr; _printf_u &rArr; _printf_o &rArr; _printf_x &rArr; _printf_int_hex &rArr; _printf_longlong_hex &rArr; _printf_int_common &rArr; _printf_post_padding
</UL>
<BR>[Calls]<UL><LI><a href="#[12c]">&gt;&gt;</a>&nbsp;&nbsp;&nbsp;_printf_i
</UL>
<BR>[Called By]<UL><LI><a href="#[129]">&gt;&gt;</a>&nbsp;&nbsp;&nbsp;_printf_a
</UL>

<P><STRONG><a name="[12c]"></a>_printf_i</STRONG> (Thumb, 0 bytes, Stack size unknown bytes, _printf_i.o(.ARM.Collect$$_printf_percent$$00000008))
<BR><BR>[Stack]<UL><LI>Max Depth = 96 + Unknown Stack Size
<LI>Call Chain = _printf_i &rArr; _printf_d &rArr; _printf_u &rArr; _printf_o &rArr; _printf_x &rArr; _printf_int_hex &rArr; _printf_longlong_hex &rArr; _printf_int_common &rArr; _printf_post_padding
</UL>
<BR>[Calls]<UL><LI><a href="#[12d]">&gt;&gt;</a>&nbsp;&nbsp;&nbsp;_printf_d
<LI><a href="#[12e]">&gt;&gt;</a>&nbsp;&nbsp;&nbsp;_printf_int_dec
</UL>
<BR>[Called By]<UL><LI><a href="#[12a]">&gt;&gt;</a>&nbsp;&nbsp;&nbsp;_printf_ll
</UL>

<P><STRONG><a name="[12d]"></a>_printf_d</STRONG> (Thumb, 0 bytes, Stack size unknown bytes, _printf_d.o(.ARM.Collect$$_printf_percent$$00000009))
<BR><BR>[Stack]<UL><LI>Max Depth = 96 + Unknown Stack Size
<LI>Call Chain = _printf_d &rArr; _printf_u &rArr; _printf_o &rArr; _printf_x &rArr; _printf_int_hex &rArr; _printf_longlong_hex &rArr; _printf_int_common &rArr; _printf_post_padding
</UL>
<BR>[Calls]<UL><LI><a href="#[12f]">&gt;&gt;</a>&nbsp;&nbsp;&nbsp;_printf_u
<LI><a href="#[12e]">&gt;&gt;</a>&nbsp;&nbsp;&nbsp;_printf_int_dec
</UL>
<BR>[Called By]<UL><LI><a href="#[12c]">&gt;&gt;</a>&nbsp;&nbsp;&nbsp;_printf_i
</UL>

<P><STRONG><a name="[12f]"></a>_printf_u</STRONG> (Thumb, 0 bytes, Stack size unknown bytes, _printf_u.o(.ARM.Collect$$_printf_percent$$0000000A))
<BR><BR>[Stack]<UL><LI>Max Depth = 96 + Unknown Stack Size
<LI>Call Chain = _printf_u &rArr; _printf_o &rArr; _printf_x &rArr; _printf_int_hex &rArr; _printf_longlong_hex &rArr; _printf_int_common &rArr; _printf_post_padding
</UL>
<BR>[Calls]<UL><LI><a href="#[130]">&gt;&gt;</a>&nbsp;&nbsp;&nbsp;_printf_o
<LI><a href="#[12e]">&gt;&gt;</a>&nbsp;&nbsp;&nbsp;_printf_int_dec
</UL>
<BR>[Called By]<UL><LI><a href="#[12d]">&gt;&gt;</a>&nbsp;&nbsp;&nbsp;_printf_d
</UL>

<P><STRONG><a name="[130]"></a>_printf_o</STRONG> (Thumb, 0 bytes, Stack size unknown bytes, _printf_o.o(.ARM.Collect$$_printf_percent$$0000000B))
<BR><BR>[Stack]<UL><LI>Max Depth = 96 + Unknown Stack Size
<LI>Call Chain = _printf_o &rArr; _printf_x &rArr; _printf_int_hex &rArr; _printf_longlong_hex &rArr; _printf_int_common &rArr; _printf_post_padding
</UL>
<BR>[Calls]<UL><LI><a href="#[131]">&gt;&gt;</a>&nbsp;&nbsp;&nbsp;_printf_x
<LI><a href="#[132]">&gt;&gt;</a>&nbsp;&nbsp;&nbsp;_printf_int_oct
</UL>
<BR>[Called By]<UL><LI><a href="#[12f]">&gt;&gt;</a>&nbsp;&nbsp;&nbsp;_printf_u
</UL>

<P><STRONG><a name="[131]"></a>_printf_x</STRONG> (Thumb, 0 bytes, Stack size unknown bytes, _printf_x.o(.ARM.Collect$$_printf_percent$$0000000C))
<BR><BR>[Stack]<UL><LI>Max Depth = 96 + Unknown Stack Size
<LI>Call Chain = _printf_x &rArr; _printf_int_hex &rArr; _printf_longlong_hex &rArr; _printf_int_common &rArr; _printf_post_padding
</UL>
<BR>[Calls]<UL><LI><a href="#[133]">&gt;&gt;</a>&nbsp;&nbsp;&nbsp;_printf_lli
<LI><a href="#[134]">&gt;&gt;</a>&nbsp;&nbsp;&nbsp;_printf_int_hex
</UL>
<BR>[Called By]<UL><LI><a href="#[130]">&gt;&gt;</a>&nbsp;&nbsp;&nbsp;_printf_o
</UL>

<P><STRONG><a name="[133]"></a>_printf_lli</STRONG> (Thumb, 0 bytes, Stack size unknown bytes, _printf_lli.o(.ARM.Collect$$_printf_percent$$0000000D))
<BR><BR>[Stack]<UL><LI>Max Depth = 88 + Unknown Stack Size
<LI>Call Chain = _printf_lli &rArr; _printf_lld &rArr; _printf_llu &rArr; _printf_llo &rArr; _printf_llx &rArr; _printf_l &rArr; _printf_c &rArr; _printf_s &rArr; _printf_lc &rArr; _printf_wchar &rArr; _printf_lcs_common &rArr; _printf_wctomb &rArr; _wcrtomb
</UL>
<BR>[Calls]<UL><LI><a href="#[135]">&gt;&gt;</a>&nbsp;&nbsp;&nbsp;_printf_lld
<LI><a href="#[136]">&gt;&gt;</a>&nbsp;&nbsp;&nbsp;_printf_longlong_dec
</UL>
<BR>[Called By]<UL><LI><a href="#[131]">&gt;&gt;</a>&nbsp;&nbsp;&nbsp;_printf_x
</UL>

<P><STRONG><a name="[135]"></a>_printf_lld</STRONG> (Thumb, 0 bytes, Stack size unknown bytes, _printf_lld.o(.ARM.Collect$$_printf_percent$$0000000E))
<BR><BR>[Stack]<UL><LI>Max Depth = 88 + Unknown Stack Size
<LI>Call Chain = _printf_lld &rArr; _printf_llu &rArr; _printf_llo &rArr; _printf_llx &rArr; _printf_l &rArr; _printf_c &rArr; _printf_s &rArr; _printf_lc &rArr; _printf_wchar &rArr; _printf_lcs_common &rArr; _printf_wctomb &rArr; _wcrtomb
</UL>
<BR>[Calls]<UL><LI><a href="#[137]">&gt;&gt;</a>&nbsp;&nbsp;&nbsp;_printf_llu
<LI><a href="#[136]">&gt;&gt;</a>&nbsp;&nbsp;&nbsp;_printf_longlong_dec
</UL>
<BR>[Called By]<UL><LI><a href="#[133]">&gt;&gt;</a>&nbsp;&nbsp;&nbsp;_printf_lli
</UL>

<P><STRONG><a name="[137]"></a>_printf_llu</STRONG> (Thumb, 0 bytes, Stack size unknown bytes, _printf_llu.o(.ARM.Collect$$_printf_percent$$0000000F))
<BR><BR>[Stack]<UL><LI>Max Depth = 88 + Unknown Stack Size
<LI>Call Chain = _printf_llu &rArr; _printf_llo &rArr; _printf_llx &rArr; _printf_l &rArr; _printf_c &rArr; _printf_s &rArr; _printf_lc &rArr; _printf_wchar &rArr; _printf_lcs_common &rArr; _printf_wctomb &rArr; _wcrtomb
</UL>
<BR>[Calls]<UL><LI><a href="#[138]">&gt;&gt;</a>&nbsp;&nbsp;&nbsp;_printf_llo
<LI><a href="#[136]">&gt;&gt;</a>&nbsp;&nbsp;&nbsp;_printf_longlong_dec
</UL>
<BR>[Called By]<UL><LI><a href="#[135]">&gt;&gt;</a>&nbsp;&nbsp;&nbsp;_printf_lld
</UL>

<P><STRONG><a name="[138]"></a>_printf_llo</STRONG> (Thumb, 0 bytes, Stack size unknown bytes, _printf_llo.o(.ARM.Collect$$_printf_percent$$00000010))
<BR><BR>[Stack]<UL><LI>Max Depth = 88 + Unknown Stack Size
<LI>Call Chain = _printf_llo &rArr; _printf_llx &rArr; _printf_l &rArr; _printf_c &rArr; _printf_s &rArr; _printf_lc &rArr; _printf_wchar &rArr; _printf_lcs_common &rArr; _printf_wctomb &rArr; _wcrtomb
</UL>
<BR>[Calls]<UL><LI><a href="#[139]">&gt;&gt;</a>&nbsp;&nbsp;&nbsp;_printf_llx
<LI><a href="#[13a]">&gt;&gt;</a>&nbsp;&nbsp;&nbsp;_printf_ll_oct
</UL>
<BR>[Called By]<UL><LI><a href="#[137]">&gt;&gt;</a>&nbsp;&nbsp;&nbsp;_printf_llu
</UL>

<P><STRONG><a name="[139]"></a>_printf_llx</STRONG> (Thumb, 0 bytes, Stack size unknown bytes, _printf_llx.o(.ARM.Collect$$_printf_percent$$00000011))
<BR><BR>[Stack]<UL><LI>Max Depth = 88 + Unknown Stack Size
<LI>Call Chain = _printf_llx &rArr; _printf_l &rArr; _printf_c &rArr; _printf_s &rArr; _printf_lc &rArr; _printf_wchar &rArr; _printf_lcs_common &rArr; _printf_wctomb &rArr; _wcrtomb
</UL>
<BR>[Calls]<UL><LI><a href="#[13b]">&gt;&gt;</a>&nbsp;&nbsp;&nbsp;_printf_l
<LI><a href="#[13c]">&gt;&gt;</a>&nbsp;&nbsp;&nbsp;_printf_ll_hex
</UL>
<BR>[Called By]<UL><LI><a href="#[138]">&gt;&gt;</a>&nbsp;&nbsp;&nbsp;_printf_llo
</UL>

<P><STRONG><a name="[13b]"></a>_printf_l</STRONG> (Thumb, 0 bytes, Stack size unknown bytes, _printf_l.o(.ARM.Collect$$_printf_percent$$00000012))
<BR><BR>[Stack]<UL><LI>Max Depth = 88 + Unknown Stack Size
<LI>Call Chain = _printf_l &rArr; _printf_c &rArr; _printf_s &rArr; _printf_lc &rArr; _printf_wchar &rArr; _printf_lcs_common &rArr; _printf_wctomb &rArr; _wcrtomb
</UL>
<BR>[Calls]<UL><LI><a href="#[13d]">&gt;&gt;</a>&nbsp;&nbsp;&nbsp;_printf_c
</UL>
<BR>[Called By]<UL><LI><a href="#[139]">&gt;&gt;</a>&nbsp;&nbsp;&nbsp;_printf_llx
</UL>

<P><STRONG><a name="[13d]"></a>_printf_c</STRONG> (Thumb, 0 bytes, Stack size unknown bytes, _printf_c.o(.ARM.Collect$$_printf_percent$$00000013))
<BR><BR>[Stack]<UL><LI>Max Depth = 88 + Unknown Stack Size
<LI>Call Chain = _printf_c &rArr; _printf_s &rArr; _printf_lc &rArr; _printf_wchar &rArr; _printf_lcs_common &rArr; _printf_wctomb &rArr; _wcrtomb
</UL>
<BR>[Calls]<UL><LI><a href="#[13f]">&gt;&gt;</a>&nbsp;&nbsp;&nbsp;_printf_char
<LI><a href="#[13e]">&gt;&gt;</a>&nbsp;&nbsp;&nbsp;_printf_s
</UL>
<BR>[Called By]<UL><LI><a href="#[13b]">&gt;&gt;</a>&nbsp;&nbsp;&nbsp;_printf_l
</UL>

<P><STRONG><a name="[13e]"></a>_printf_s</STRONG> (Thumb, 0 bytes, Stack size unknown bytes, _printf_s.o(.ARM.Collect$$_printf_percent$$00000014))
<BR><BR>[Stack]<UL><LI>Max Depth = 88 + Unknown Stack Size
<LI>Call Chain = _printf_s &rArr; _printf_lc &rArr; _printf_wchar &rArr; _printf_lcs_common &rArr; _printf_wctomb &rArr; _wcrtomb
</UL>
<BR>[Calls]<UL><LI><a href="#[141]">&gt;&gt;</a>&nbsp;&nbsp;&nbsp;_printf_string
<LI><a href="#[140]">&gt;&gt;</a>&nbsp;&nbsp;&nbsp;_printf_lc
</UL>
<BR>[Called By]<UL><LI><a href="#[13d]">&gt;&gt;</a>&nbsp;&nbsp;&nbsp;_printf_c
</UL>

<P><STRONG><a name="[140]"></a>_printf_lc</STRONG> (Thumb, 0 bytes, Stack size unknown bytes, _printf_lc.o(.ARM.Collect$$_printf_percent$$00000015))
<BR><BR>[Stack]<UL><LI>Max Depth = 88 + Unknown Stack Size
<LI>Call Chain = _printf_lc &rArr; _printf_wchar &rArr; _printf_lcs_common &rArr; _printf_wctomb &rArr; _wcrtomb
</UL>
<BR>[Calls]<UL><LI><a href="#[143]">&gt;&gt;</a>&nbsp;&nbsp;&nbsp;_printf_wchar
<LI><a href="#[142]">&gt;&gt;</a>&nbsp;&nbsp;&nbsp;_printf_ls
</UL>
<BR>[Called By]<UL><LI><a href="#[13e]">&gt;&gt;</a>&nbsp;&nbsp;&nbsp;_printf_s
</UL>

<P><STRONG><a name="[142]"></a>_printf_ls</STRONG> (Thumb, 0 bytes, Stack size unknown bytes, _printf_ls.o(.ARM.Collect$$_printf_percent$$00000016))
<BR><BR>[Stack]<UL><LI>Max Depth = 88 + Unknown Stack Size
<LI>Call Chain = _printf_ls &rArr; _printf_wstring &rArr; _printf_lcs_common &rArr; _printf_wctomb &rArr; _wcrtomb
</UL>
<BR>[Calls]<UL><LI><a href="#[144]">&gt;&gt;</a>&nbsp;&nbsp;&nbsp;_printf_percent_end
<LI><a href="#[145]">&gt;&gt;</a>&nbsp;&nbsp;&nbsp;_printf_wstring
</UL>
<BR>[Called By]<UL><LI><a href="#[140]">&gt;&gt;</a>&nbsp;&nbsp;&nbsp;_printf_lc
</UL>

<P><STRONG><a name="[144]"></a>_printf_percent_end</STRONG> (Thumb, 0 bytes, Stack size unknown bytes, _printf_percent_end.o(.ARM.Collect$$_printf_percent$$00000017))
<BR><BR>[Called By]<UL><LI><a href="#[142]">&gt;&gt;</a>&nbsp;&nbsp;&nbsp;_printf_ls
</UL>

<P><STRONG><a name="[14e]"></a>__rt_lib_init</STRONG> (Thumb, 0 bytes, Stack size unknown bytes, libinit.o(.ARM.Collect$$libinit$$00000000))
<BR><BR>[Called By]<UL><LI><a href="#[14d]">&gt;&gt;</a>&nbsp;&nbsp;&nbsp;__rt_entry_li
</UL>

<P><STRONG><a name="[394]"></a>__rt_lib_init_fp_1</STRONG> (Thumb, 0 bytes, Stack size unknown bytes, libinit2.o(.ARM.Collect$$libinit$$00000002))

<P><STRONG><a name="[395]"></a>__rt_lib_init_heap_1</STRONG> (Thumb, 0 bytes, Stack size unknown bytes, libinit2.o(.ARM.Collect$$libinit$$0000000C))

<P><STRONG><a name="[146]"></a>__rt_lib_init_lc_common</STRONG> (Thumb, 0 bytes, Stack size unknown bytes, libinit2.o(.ARM.Collect$$libinit$$00000011))
<BR><BR>[Calls]<UL><LI><a href="#[147]">&gt;&gt;</a>&nbsp;&nbsp;&nbsp;__rt_locale
</UL>

<P><STRONG><a name="[396]"></a>__rt_lib_init_preinit_1</STRONG> (Thumb, 0 bytes, Stack size unknown bytes, libinit2.o(.ARM.Collect$$libinit$$00000006))

<P><STRONG><a name="[397]"></a>__rt_lib_init_rand_1</STRONG> (Thumb, 0 bytes, Stack size unknown bytes, libinit2.o(.ARM.Collect$$libinit$$00000010))

<P><STRONG><a name="[398]"></a>__rt_lib_init_relocate_pie_1</STRONG> (Thumb, 0 bytes, Stack size unknown bytes, libinit2.o(.ARM.Collect$$libinit$$00000004))

<P><STRONG><a name="[399]"></a>__rt_lib_init_user_alloc_1</STRONG> (Thumb, 0 bytes, Stack size unknown bytes, libinit2.o(.ARM.Collect$$libinit$$0000000E))

<P><STRONG><a name="[39a]"></a>__rt_lib_init_lc_collate_1</STRONG> (Thumb, 0 bytes, Stack size unknown bytes, libinit2.o(.ARM.Collect$$libinit$$00000013))

<P><STRONG><a name="[148]"></a>__rt_lib_init_lc_ctype_2</STRONG> (Thumb, 0 bytes, Stack size unknown bytes, libinit2.o(.ARM.Collect$$libinit$$00000014))
<BR><BR>[Stack]<UL><LI>Max Depth = 24 + Unknown Stack Size
<LI>Call Chain = __rt_lib_init_lc_ctype_2 &rArr; _get_lc_ctype &rArr; strcmp
</UL>
<BR>[Calls]<UL><LI><a href="#[2c]">&gt;&gt;</a>&nbsp;&nbsp;&nbsp;_get_lc_ctype
</UL>

<P><STRONG><a name="[39b]"></a>__rt_lib_init_lc_ctype_1</STRONG> (Thumb, 0 bytes, Stack size unknown bytes, libinit2.o(.ARM.Collect$$libinit$$00000015))

<P><STRONG><a name="[39c]"></a>__rt_lib_init_lc_monetary_1</STRONG> (Thumb, 0 bytes, Stack size unknown bytes, libinit2.o(.ARM.Collect$$libinit$$00000017))

<P><STRONG><a name="[149]"></a>__rt_lib_init_lc_numeric_2</STRONG> (Thumb, 0 bytes, Stack size unknown bytes, libinit2.o(.ARM.Collect$$libinit$$00000018))
<BR><BR>[Stack]<UL><LI>Max Depth = 24 + Unknown Stack Size
<LI>Call Chain = __rt_lib_init_lc_numeric_2 &rArr; _get_lc_numeric &rArr; strcmp
</UL>
<BR>[Calls]<UL><LI><a href="#[14a]">&gt;&gt;</a>&nbsp;&nbsp;&nbsp;_get_lc_numeric
</UL>

<P><STRONG><a name="[39d]"></a>__rt_lib_init_alloca_1</STRONG> (Thumb, 0 bytes, Stack size unknown bytes, libinit2.o(.ARM.Collect$$libinit$$00000030))

<P><STRONG><a name="[39e]"></a>__rt_lib_init_argv_1</STRONG> (Thumb, 0 bytes, Stack size unknown bytes, libinit2.o(.ARM.Collect$$libinit$$0000002E))

<P><STRONG><a name="[39f]"></a>__rt_lib_init_atexit_1</STRONG> (Thumb, 0 bytes, Stack size unknown bytes, libinit2.o(.ARM.Collect$$libinit$$0000001D))

<P><STRONG><a name="[3a0]"></a>__rt_lib_init_clock_1</STRONG> (Thumb, 0 bytes, Stack size unknown bytes, libinit2.o(.ARM.Collect$$libinit$$00000023))

<P><STRONG><a name="[3a1]"></a>__rt_lib_init_cpp_1</STRONG> (Thumb, 0 bytes, Stack size unknown bytes, libinit2.o(.ARM.Collect$$libinit$$00000034))

<P><STRONG><a name="[3a2]"></a>__rt_lib_init_exceptions_1</STRONG> (Thumb, 0 bytes, Stack size unknown bytes, libinit2.o(.ARM.Collect$$libinit$$00000032))

<P><STRONG><a name="[3a3]"></a>__rt_lib_init_fp_trap_1</STRONG> (Thumb, 0 bytes, Stack size unknown bytes, libinit2.o(.ARM.Collect$$libinit$$00000021))

<P><STRONG><a name="[3a4]"></a>__rt_lib_init_getenv_1</STRONG> (Thumb, 0 bytes, Stack size unknown bytes, libinit2.o(.ARM.Collect$$libinit$$00000025))

<P><STRONG><a name="[3a5]"></a>__rt_lib_init_lc_numeric_1</STRONG> (Thumb, 0 bytes, Stack size unknown bytes, libinit2.o(.ARM.Collect$$libinit$$00000019))

<P><STRONG><a name="[3a6]"></a>__rt_lib_init_lc_time_1</STRONG> (Thumb, 0 bytes, Stack size unknown bytes, libinit2.o(.ARM.Collect$$libinit$$0000001B))

<P><STRONG><a name="[3a7]"></a>__rt_lib_init_return</STRONG> (Thumb, 0 bytes, Stack size unknown bytes, libinit2.o(.ARM.Collect$$libinit$$00000035))

<P><STRONG><a name="[3a8]"></a>__rt_lib_init_signal_1</STRONG> (Thumb, 0 bytes, Stack size unknown bytes, libinit2.o(.ARM.Collect$$libinit$$0000001F))

<P><STRONG><a name="[3a9]"></a>__rt_lib_init_stdio_1</STRONG> (Thumb, 0 bytes, Stack size unknown bytes, libinit2.o(.ARM.Collect$$libinit$$00000027))

<P><STRONG><a name="[153]"></a>__rt_lib_shutdown</STRONG> (Thumb, 0 bytes, Stack size unknown bytes, libshutdown.o(.ARM.Collect$$libshutdown$$00000000))
<BR><BR>[Called By]<UL><LI><a href="#[152]">&gt;&gt;</a>&nbsp;&nbsp;&nbsp;__rt_exit_ls
</UL>

<P><STRONG><a name="[3aa]"></a>__rt_lib_shutdown_cpp_1</STRONG> (Thumb, 0 bytes, Stack size unknown bytes, libshutdown2.o(.ARM.Collect$$libshutdown$$00000002))

<P><STRONG><a name="[3ab]"></a>__rt_lib_shutdown_fp_trap_1</STRONG> (Thumb, 0 bytes, Stack size unknown bytes, libshutdown2.o(.ARM.Collect$$libshutdown$$00000007))

<P><STRONG><a name="[3ac]"></a>__rt_lib_shutdown_heap_1</STRONG> (Thumb, 0 bytes, Stack size unknown bytes, libshutdown2.o(.ARM.Collect$$libshutdown$$0000000F))

<P><STRONG><a name="[3ad]"></a>__rt_lib_shutdown_return</STRONG> (Thumb, 0 bytes, Stack size unknown bytes, libshutdown2.o(.ARM.Collect$$libshutdown$$00000010))

<P><STRONG><a name="[3ae]"></a>__rt_lib_shutdown_signal_1</STRONG> (Thumb, 0 bytes, Stack size unknown bytes, libshutdown2.o(.ARM.Collect$$libshutdown$$0000000A))

<P><STRONG><a name="[3af]"></a>__rt_lib_shutdown_stdio_1</STRONG> (Thumb, 0 bytes, Stack size unknown bytes, libshutdown2.o(.ARM.Collect$$libshutdown$$00000004))

<P><STRONG><a name="[3b0]"></a>__rt_lib_shutdown_user_alloc_1</STRONG> (Thumb, 0 bytes, Stack size unknown bytes, libshutdown2.o(.ARM.Collect$$libshutdown$$0000000C))

<P><STRONG><a name="[11e]"></a>__rt_entry</STRONG> (Thumb, 0 bytes, Stack size unknown bytes, __rtentry.o(.ARM.Collect$$rtentry$$00000000))
<BR><BR>[Called By]<UL><LI><a href="#[27]">&gt;&gt;</a>&nbsp;&nbsp;&nbsp;__main
<LI><a href="#[11f]">&gt;&gt;</a>&nbsp;&nbsp;&nbsp;__scatterload_rt2
</UL>

<P><STRONG><a name="[3b1]"></a>__rt_entry_presh_1</STRONG> (Thumb, 0 bytes, Stack size unknown bytes, __rtentry2.o(.ARM.Collect$$rtentry$$00000002))

<P><STRONG><a name="[14b]"></a>__rt_entry_sh</STRONG> (Thumb, 0 bytes, Stack size unknown bytes, __rtentry4.o(.ARM.Collect$$rtentry$$00000004))
<BR><BR>[Stack]<UL><LI>Max Depth = 8 + Unknown Stack Size
<LI>Call Chain = __rt_entry_sh &rArr; __user_setup_stackheap
</UL>
<BR>[Calls]<UL><LI><a href="#[14c]">&gt;&gt;</a>&nbsp;&nbsp;&nbsp;__user_setup_stackheap
</UL>

<P><STRONG><a name="[14d]"></a>__rt_entry_li</STRONG> (Thumb, 0 bytes, Stack size unknown bytes, __rtentry2.o(.ARM.Collect$$rtentry$$0000000A))
<BR><BR>[Calls]<UL><LI><a href="#[14e]">&gt;&gt;</a>&nbsp;&nbsp;&nbsp;__rt_lib_init
</UL>

<P><STRONG><a name="[3b2]"></a>__rt_entry_postsh_1</STRONG> (Thumb, 0 bytes, Stack size unknown bytes, __rtentry2.o(.ARM.Collect$$rtentry$$00000009))

<P><STRONG><a name="[14f]"></a>__rt_entry_main</STRONG> (Thumb, 0 bytes, Stack size unknown bytes, __rtentry2.o(.ARM.Collect$$rtentry$$0000000D))
<BR><BR>[Stack]<UL><LI>Max Depth = 892 + Unknown Stack Size
<LI>Call Chain = __rt_entry_main &rArr; main &rArr; MainTask &rArr; FRAMEWIN_Change_Check &rArr; GUI_Delay &rArr; GUI_Exec &rArr; WM_Exec &rArr; _Exec1Draw &rArr; GUI_MEMDEV_Draw &rArr; GUI_MEMDEV_CopyToLCD &rArr; GUI_MEMDEV_CopyToLCDAt &rArr; GUI_MEMDEV__WriteToActiveOpaque &rArr; _WriteToActiveOpaque_8 &rArr; GUI_ALLOC_AllocNoInit &rArr; _Alloc &rArr; _InitOnce &rArr; _EnlargeBlocks &rArr;  _Alloc (Cycle)
</UL>
<BR>[Calls]<UL><LI><a href="#[150]">&gt;&gt;</a>&nbsp;&nbsp;&nbsp;main
<LI><a href="#[151]">&gt;&gt;</a>&nbsp;&nbsp;&nbsp;exit
</UL>

<P><STRONG><a name="[3b3]"></a>__rt_entry_postli_1</STRONG> (Thumb, 0 bytes, Stack size unknown bytes, __rtentry2.o(.ARM.Collect$$rtentry$$0000000C))

<P><STRONG><a name="[189]"></a>__rt_exit</STRONG> (Thumb, 0 bytes, Stack size unknown bytes, rtexit.o(.ARM.Collect$$rtexit$$00000000))
<BR><BR>[Called By]<UL><LI><a href="#[151]">&gt;&gt;</a>&nbsp;&nbsp;&nbsp;exit
</UL>

<P><STRONG><a name="[152]"></a>__rt_exit_ls</STRONG> (Thumb, 0 bytes, Stack size unknown bytes, rtexit2.o(.ARM.Collect$$rtexit$$00000003))
<BR><BR>[Calls]<UL><LI><a href="#[153]">&gt;&gt;</a>&nbsp;&nbsp;&nbsp;__rt_lib_shutdown
</UL>

<P><STRONG><a name="[3b4]"></a>__rt_exit_prels_1</STRONG> (Thumb, 0 bytes, Stack size unknown bytes, rtexit2.o(.ARM.Collect$$rtexit$$00000002))

<P><STRONG><a name="[154]"></a>__rt_exit_exit</STRONG> (Thumb, 0 bytes, Stack size unknown bytes, rtexit2.o(.ARM.Collect$$rtexit$$00000004))
<BR><BR>[Calls]<UL><LI><a href="#[155]">&gt;&gt;</a>&nbsp;&nbsp;&nbsp;_sys_exit
</UL>

<P><STRONG><a name="[15c]"></a>__aeabi_memcpy4</STRONG> (Thumb, 56 bytes, Stack size 0 bytes, rt_memcpy.o(.emb_text))
<BR><BR>[Called By]<UL><LI><a href="#[1fa]">&gt;&gt;</a>&nbsp;&nbsp;&nbsp;GUIDRV_FlexColor_SetFunc
<LI><a href="#[313]">&gt;&gt;</a>&nbsp;&nbsp;&nbsp;GUI_SaveContext_W
<LI><a href="#[312]">&gt;&gt;</a>&nbsp;&nbsp;&nbsp;GUI_RestoreContext
<LI><a href="#[15d]">&gt;&gt;</a>&nbsp;&nbsp;&nbsp;__aeabi_memmove4
<LI><a href="#[15b]">&gt;&gt;</a>&nbsp;&nbsp;&nbsp;__aeabi_memcpy
</UL>

<P><STRONG><a name="[3b5]"></a>__aeabi_memcpy8</STRONG> (Thumb, 0 bytes, Stack size 0 bytes, rt_memcpy.o(.emb_text), UNUSED)

<P><STRONG><a name="[11b]"></a>FMC_WriteMultiple</STRONG> (Thumb, 504 bytes, Stack size 60 bytes, fmc.o(.fastcode), UNUSED, KEPT)
<BR><BR>[Stack]<UL><LI>Max Depth = 60<LI>Call Chain = FMC_WriteMultiple
</UL>

<P><STRONG><a name="[0]"></a>Reset_Handler</STRONG> (Thumb, 38 bytes, Stack size 0 bytes, startup_m031series.o(.text))
<BR>[Address Reference Count : 1]<UL><LI> startup_m031series.o(RESET)
</UL>
<P><STRONG><a name="[1]"></a>NMI_Handler</STRONG> (Thumb, 2 bytes, Stack size 0 bytes, startup_m031series.o(.text))
<BR><BR>[Calls]<UL><LI><a href="#[1]">&gt;&gt;</a>&nbsp;&nbsp;&nbsp;NMI_Handler
</UL>
[...]
<LI><a href="#[2a4]">&gt;&gt;</a>&nbsp;&nbsp;&nbsp;LCD_SetColor
<LI><a href="#[313]">&gt;&gt;</a>&nbsp;&nbsp;&nbsp;GUI_SaveContext_W
<LI><a href="#[312]">&gt;&gt;</a>&nbsp;&nbsp;&nbsp;GUI_RestoreContext
<LI><a href="#[266]">&gt;&gt;</a>&nbsp;&nbsp;&nbsp;GUI_DrawRect
</UL>
<BR>[Address Reference Count : 1]<UL><LI> WIDGET_Effect_Simple.o(.constdata)
</UL>
<P><STRONG><a name="[d9]"></a>_DrawDownRect</STRONG> (Thumb, 50 bytes, Stack size 120 bytes, WIDGET_Effect_Simple.o(i._DrawDownRect))
<BR><BR>[Stack]<UL><LI>Max Depth = 356<LI>Call Chain = _DrawDownRect &rArr; GUI_DrawRect &rArr; WM__InitIVRSearch &rArr; WM__GetNextIVR &rArr; WM__ActivateClipRect &rArr; LCD_SetClipRectEx &rArr; GUI__IntersectRects
</UL>
<BR>[Calls]<UL><LI><a href="#[2a4]">&gt;&gt;</a>&nbsp;&nbsp;&nbsp;LCD_SetColor
<LI><a href="#[313]">&gt;&gt;</a>&nbsp;&nbsp;&nbsp;GUI_SaveContext_W
<LI><a href="#[312]">&gt;&gt;</a>&nbsp;&nbsp;&nbsp;GUI_RestoreContext
<LI><a href="#[266]">&gt;&gt;</a>&nbsp;&nbsp;&nbsp;GUI_DrawRect
</UL>
<BR>[Address Reference Count : 1]<UL><LI> WIDGET_Effect_Simple.o(.constdata)
</UL>
<P><STRONG><a name="[d6]"></a>_DrawUp</STRONG> (Thumb, 56 bytes, Stack size 128 bytes, WIDGET_Effect_Simple.o(i._DrawUp))
<BR><BR>[Stack]<UL><LI>Max Depth = 364<LI>Call Chain = _DrawUp &rArr; GUI_DrawRect &rArr; WM__InitIVRSearch &rArr; WM__GetNextIVR &rArr; WM__ActivateClipRect &rArr; LCD_SetClipRectEx &rArr; GUI__IntersectRects
</UL>
<BR>[Calls]<UL><LI><a href="#[2da]">&gt;&gt;</a>&nbsp;&nbsp;&nbsp;WM_GetClientRect
<LI><a href="#[2a4]">&gt;&gt;</a>&nbsp;&nbsp;&nbsp;LCD_SetColor
<LI><a href="#[313]">&gt;&gt;</a>&nbsp;&nbsp;&nbsp;GUI_SaveContext_W
<LI><a href="#[312]">&gt;&gt;</a>&nbsp;&nbsp;&nbsp;GUI_RestoreContext
<LI><a href="#[266]">&gt;&gt;</a>&nbsp;&nbsp;&nbsp;GUI_DrawRect
</UL>
<BR>[Address Reference Count : 1]<UL><LI> WIDGET_Effect_Simple.o(.constdata)
</UL>
<P><STRONG><a name="[d7]"></a>_DrawUpRect</STRONG> (Thumb, 50 bytes, Stack size 120 bytes, WIDGET_Effect_Simple.o(i._DrawUpRect))
<BR><BR>[Stack]<UL><LI>Max Depth = 356<LI>Call Chain = _DrawUpRect &rArr; GUI_DrawRect &rArr; WM__InitIVRSearch &rArr; WM__GetNextIVR &rArr; WM__ActivateClipRect &rArr; LCD_SetClipRectEx &rArr; GUI__IntersectRects
</UL>
<BR>[Calls]<UL><LI><a href="#[2a4]">&gt;&gt;</a>&nbsp;&nbsp;&nbsp;LCD_SetColor
<LI><a href="#[313]">&gt;&gt;</a>&nbsp;&nbsp;&nbsp;GUI_SaveContext_W
<LI><a href="#[312]">&gt;&gt;</a>&nbsp;&nbsp;&nbsp;GUI_RestoreContext
<LI><a href="#[266]">&gt;&gt;</a>&nbsp;&nbsp;&nbsp;GUI_DrawRect
</UL>
<BR>[Address Reference Count : 1]<UL><LI> WIDGET_Effect_Simple.o(.constdata)
</UL>
<P><STRONG><a name="[71]"></a>_cbInvalidateOne</STRONG> (Thumb, 8 bytes, Stack size 8 bytes, WM_BringToTop.o(i._cbInvalidateOne))
<BR><BR>[Stack]<UL><LI>Max Depth = 220<LI>Call Chain = _cbInvalidateOne &rArr; WM_InvalidateWindow &rArr; WM_InvalidateRect &rArr; WM__InvalidateRect &rArr;  WM__InvalidateRect (Cycle)
</UL>
<BR>[Calls]<UL><LI><a href="#[1bf]">&gt;&gt;</a>&nbsp;&nbsp;&nbsp;WM_InvalidateWindow
</UL>
<BR>[Address Reference Count : 1]<UL><LI> WM_BringToTop.o(i.WM_BringToTop)
</UL>
<P><STRONG><a name="[382]"></a>_MoveDescendents</STRONG> (Thumb, 104 bytes, Stack size 56 bytes, WM_Move.o(i._MoveDescendents))
<BR><BR>[Stack]<UL><LI>Max Depth = 72 + In Cycle
<LI>Call Chain = _MoveDescendents &rArr;  _MoveDescendents (Cycle)
</UL>
<BR>[Calls]<UL><LI><a href="#[26b]">&gt;&gt;</a>&nbsp;&nbsp;&nbsp;GUI_MoveRect
<LI><a href="#[256]">&gt;&gt;</a>&nbsp;&nbsp;&nbsp;GUI_ALLOC_UnlockH
<LI><a href="#[255]">&gt;&gt;</a>&nbsp;&nbsp;&nbsp;GUI_ALLOC_LockH
<LI><a href="#[287]">&gt;&gt;</a>&nbsp;&nbsp;&nbsp;WM__SendMessage
<LI><a href="#[382]">&gt;&gt;</a>&nbsp;&nbsp;&nbsp;_MoveDescendents
</UL>
<BR>[Called By]<UL><LI><a href="#[375]">&gt;&gt;</a>&nbsp;&nbsp;&nbsp;WM__MoveWindow
<LI><a href="#[382]">&gt;&gt;</a>&nbsp;&nbsp;&nbsp;_MoveDescendents
</UL>

<P><STRONG><a name="[72]"></a>_cbTimer</STRONG> (Thumb, 48 bytes, Stack size 24 bytes, WM_Timer.o(i._cbTimer))
<BR><BR>[Stack]<UL><LI>Max Depth = 48<LI>Call Chain = _cbTimer &rArr; WM_SendMessage &rArr; WM__SendMessage &rArr;  WM_DefaultProc (Cycle)
</UL>
<BR>[Calls]<UL><LI><a href="#[2c4]">&gt;&gt;</a>&nbsp;&nbsp;&nbsp;GUI_ALLOC_h2p
<LI><a href="#[355]">&gt;&gt;</a>&nbsp;&nbsp;&nbsp;WM_SendMessage
</UL>
<BR>[Address Reference Count : 1]<UL><LI> WM_Timer.o(i.WM_CreateTimer)
</UL>
<P><STRONG><a name="[da]"></a>_Color2Index_0</STRONG> (Thumb, 104 bytes, Stack size 32 bytes, GUICC_0.o(i._Color2Index_0))
<BR><BR>[Stack]<UL><LI>Max Depth = 48<LI>Call Chain = _Color2Index_0 &rArr; LCD_GetNumColors
</UL>
<BR>[Calls]<UL><LI><a href="#[386]">&gt;&gt;</a>&nbsp;&nbsp;&nbsp;GUI_CalcColorDist
<LI><a href="#[33c]">&gt;&gt;</a>&nbsp;&nbsp;&nbsp;LCD_GetPalette
<LI><a href="#[339]">&gt;&gt;</a>&nbsp;&nbsp;&nbsp;LCD_GetNumColors
</UL>
<BR>[Address Reference Count : 1]<UL><LI> GUICC_0.o(.constdata)
</UL>
<P><STRONG><a name="[dc]"></a>_GetIndexMask_0</STRONG> (Thumb, 82 bytes, Stack size 8 bytes, GUICC_0.o(i._GetIndexMask_0))
<BR><BR>[Stack]<UL><LI>Max Depth = 24<LI>Call Chain = _GetIndexMask_0 &rArr; LCD_GetNumColors
</UL>
<BR>[Calls]<UL><LI><a href="#[339]">&gt;&gt;</a>&nbsp;&nbsp;&nbsp;LCD_GetNumColors
</UL>
<BR>[Address Reference Count : 1]<UL><LI> GUICC_0.o(.constdata)
</UL>
<P><STRONG><a name="[db]"></a>_Index2Color_0</STRONG> (Thumb, 32 bytes, Stack size 16 bytes, GUICC_0.o(i._Index2Color_0))
<BR><BR>[Stack]<UL><LI>Max Depth = 32<LI>Call Chain = _Index2Color_0 &rArr; LCD_GetNumColors
</UL>
<BR>[Calls]<UL><LI><a href="#[33c]">&gt;&gt;</a>&nbsp;&nbsp;&nbsp;LCD_GetPalette
<LI><a href="#[339]">&gt;&gt;</a>&nbsp;&nbsp;&nbsp;LCD_GetNumColors
</UL>
<BR>[Address Reference Count : 1]<UL><LI> GUICC_0.o(.constdata)
</UL>
<P><STRONG><a name="[df]"></a>_Color2IndexBulk_M8888I</STRONG> (Thumb, 50 bytes, Stack size 8 bytes, GUICC_M8888I.o(i._Color2IndexBulk_M8888I))
<BR><BR>[Stack]<UL><LI>Max Depth = 8<LI>Call Chain = _Color2IndexBulk_M8888I
</UL>
<BR>[Address Reference Count : 1]<UL><LI> GUICC_M8888I.o(.constdata)
</UL>
<P><STRONG><a name="[dd]"></a>_Color2Index_M8888I</STRONG> (Thumb, 2 bytes, Stack size 0 bytes, GUICC_M8888I.o(i._Color2Index_M8888I))
<BR>[Address Reference Count : 1]<UL><LI> GUICC_M8888I.o(.constdata)
</UL>
<P><STRONG><a name="[de]"></a>_GetIndexMask_M8888I</STRONG> (Thumb, 6 bytes, Stack size 0 bytes, GUICC_M8888I.o(i._GetIndexMask_M8888I))
<BR>[Address Reference Count : 1]<UL><LI> GUICC_M8888I.o(.constdata)
</UL>
<P><STRONG><a name="[e0]"></a>_Index2ColorBulk_M8888I</STRONG> (Thumb, 78 bytes, Stack size 8 bytes, GUICC_M8888I.o(i._Index2ColorBulk_M8888I))
<BR><BR>[Stack]<UL><LI>Max Depth = 8<LI>Call Chain = _Index2ColorBulk_M8888I
</UL>
<BR>[Address Reference Count : 1]<UL><LI> GUICC_M8888I.o(.constdata)
</UL>
<P><STRONG><a name="[319]"></a>_Link</STRONG> (Thumb, 164 bytes, Stack size 32 bytes, GUI_Timer.o(i._Link))
<BR><BR>[Stack]<UL><LI>Max Depth = 32<LI>Call Chain = _Link
</UL>
<BR>[Calls]<UL><LI><a href="#[256]">&gt;&gt;</a>&nbsp;&nbsp;&nbsp;GUI_ALLOC_UnlockH
<LI><a href="#[255]">&gt;&gt;</a>&nbsp;&nbsp;&nbsp;GUI_ALLOC_LockH
</UL>
<BR>[Called By]<UL><LI><a href="#[31d]">&gt;&gt;</a>&nbsp;&nbsp;&nbsp;GUI_TIMER_Restart
<LI><a href="#[318]">&gt;&gt;</a>&nbsp;&nbsp;&nbsp;GUI_TIMER_Create
</UL>

<P><STRONG><a name="[6b]"></a>_OnExit</STRONG> (Thumb, 12 bytes, Stack size 0 bytes, GUI_Timer.o(i._OnExit))
<BR>[Address Reference Count : 1]<UL><LI> GUI_Timer.o(i.GUI_TIMER_Create)
</UL>
<P><STRONG><a name="[6d]"></a>_OnExit</STRONG> (Thumb, 36 bytes, Stack size 8 bytes, GUI__Alpha.o(i._OnExit))
<BR><BR>[Stack]<UL><LI>Max Depth = 8<LI>Call Chain = _OnExit
</UL>
<BR>[Calls]<UL><LI><a href="#[2c8]">&gt;&gt;</a>&nbsp;&nbsp;&nbsp;GUI_ALLOC_FreeFixedBlock
</UL>
<BR>[Address Reference Count : 1]<UL><LI> GUI__Alpha.o(i.GUI__GetAlphaBuffer)
</UL>
<P><STRONG><a name="[e1]"></a>_DrawBitmap</STRONG> (Thumb, 2072 bytes, Stack size 120 bytes, GUIDEV_32.o(i._DrawBitmap))
<BR><BR>[Stack]<UL><LI>Max Depth = 160<LI>Call Chain = _DrawBitmap &rArr; GUI_USAGE_AddRect
</UL>
<BR>[Calls]<UL><LI><a href="#[256]">&gt;&gt;</a>&nbsp;&nbsp;&nbsp;GUI_ALLOC_UnlockH
<LI><a href="#[255]">&gt;&gt;</a>&nbsp;&nbsp;&nbsp;GUI_ALLOC_LockH
<LI><a href="#[388]">&gt;&gt;</a>&nbsp;&nbsp;&nbsp;GUI_USAGE_AddRect
<LI><a href="#[38a]">&gt;&gt;</a>&nbsp;&nbsp;&nbsp;_XY2PTR
</UL>
<BR>[Address Reference Count : 1]<UL><LI> GUIDEV_32.o(.constdata)
</UL>
<P><STRONG><a name="[e2]"></a>_DrawHLine</STRONG> (Thumb, 10 bytes, Stack size 8 bytes, GUIDEV_32.o(i._DrawHLine))
<BR><BR>[Stack]<UL><LI>Max Depth = 104<LI>Call Chain = _DrawHLine &rArr; _FillRect &rArr; GUI_USAGE_AddRect
</UL>
<BR>[Calls]<UL><LI><a href="#[e4]">&gt;&gt;</a>&nbsp;&nbsp;&nbsp;_FillRect
</UL>
<BR>[Address Reference Count : 1]<UL><LI> GUIDEV_32.o(.constdata)
</UL>
<P><STRONG><a name="[e3]"></a>_DrawVLine</STRONG> (Thumb, 210 bytes, Stack size 48 bytes, GUIDEV_32.o(i._DrawVLine))
<BR><BR>[Stack]<UL><LI>Max Depth = 64<LI>Call Chain = _DrawVLine &rArr; _XY2PTR
</UL>
<BR>[Calls]<UL><LI><a href="#[256]">&gt;&gt;</a>&nbsp;&nbsp;&nbsp;GUI_ALLOC_UnlockH
<LI><a href="#[255]">&gt;&gt;</a>&nbsp;&nbsp;&nbsp;GUI_ALLOC_LockH
<LI><a href="#[38a]">&gt;&gt;</a>&nbsp;&nbsp;&nbsp;_XY2PTR
</UL>
<BR>[Address Reference Count : 1]<UL><LI> GUIDEV_32.o(.constdata)
</UL>
<P><STRONG><a name="[e4]"></a>_FillRect</STRONG> (Thumb, 238 bytes, Stack size 56 bytes, GUIDEV_32.o(i._FillRect))
<BR><BR>[Stack]<UL><LI>Max Depth = 96<LI>Call Chain = _FillRect &rArr; GUI_USAGE_AddRect
</UL>
<BR>[Calls]<UL><LI><a href="#[256]">&gt;&gt;</a>&nbsp;&nbsp;&nbsp;GUI_ALLOC_UnlockH
<LI><a href="#[255]">&gt;&gt;</a>&nbsp;&nbsp;&nbsp;GUI_ALLOC_LockH
<LI><a href="#[388]">&gt;&gt;</a>&nbsp;&nbsp;&nbsp;GUI_USAGE_AddRect
<LI><a href="#[38a]">&gt;&gt;</a>&nbsp;&nbsp;&nbsp;_XY2PTR
</UL>
<BR>[Called By]<UL><LI><a href="#[e2]">&gt;&gt;</a>&nbsp;&nbsp;&nbsp;_DrawHLine
</UL>
<BR>[Address Reference Count : 1]<UL><LI> GUIDEV_32.o(.constdata)
</UL>
<P><STRONG><a name="[eb]"></a>_GetDevData</STRONG> (Thumb, 12 bytes, Stack size 0 bytes, GUIDEV_32.o(i._GetDevData))
<BR>[Address Reference Count : 1]<UL><LI> GUIDEV_32.o(.constdata)
</UL>
<P><STRONG><a name="[e9]"></a>_GetDevFunc</STRONG> (Thumb, 12 bytes, Stack size 0 bytes, GUIDEV_32.o(i._GetDevFunc))
<BR>[Address Reference Count : 1]<UL><LI> GUIDEV_32.o(.constdata)
</UL>
<P><STRONG><a name="[ea]"></a>_GetDevProp</STRONG> (Thumb, 12 bytes, Stack size 0 bytes, GUIDEV_32.o(i._GetDevProp))
<BR>[Address Reference Count : 1]<UL><LI> GUIDEV_32.o(.constdata)
</UL>
<P><STRONG><a name="[e5]"></a>_GetPixelIndex</STRONG> (Thumb, 14 bytes, Stack size 8 bytes, GUIDEV_32.o(i._GetPixelIndex))
<BR><BR>[Stack]<UL><LI>Max Depth = 24<LI>Call Chain = _GetPixelIndex &rArr; _XY2PTR
</UL>
<BR>[Calls]<UL><LI><a href="#[38a]">&gt;&gt;</a>&nbsp;&nbsp;&nbsp;_XY2PTR
</UL>
<BR>[Address Reference Count : 1]<UL><LI> GUIDEV_32.o(.constdata)
</UL>
<P><STRONG><a name="[ec]"></a>_GetRect</STRONG> (Thumb, 52 bytes, Stack size 16 bytes, GUIDEV_32.o(i._GetRect))
<BR><BR>[Stack]<UL><LI>Max Depth = 16<LI>Call Chain = _GetRect
</UL>
<BR>[Calls]<UL><LI><a href="#[256]">&gt;&gt;</a>&nbsp;&nbsp;&nbsp;GUI_ALLOC_UnlockH
<LI><a href="#[255]">&gt;&gt;</a>&nbsp;&nbsp;&nbsp;GUI_ALLOC_LockH
</UL>
<BR>[Address Reference Count : 1]<UL><LI> GUIDEV_32.o(.constdata)
</UL>
<P><STRONG><a name="[e8]"></a>_SetOrg</STRONG> (Thumb, 8 bytes, Stack size 0 bytes, GUIDEV_32.o(i._SetOrg))
<BR>[Address Reference Count : 1]<UL><LI> GUIDEV_32.o(.constdata)
</UL>
<P><STRONG><a name="[e6]"></a>_SetPixelIndex</STRONG> (Thumb, 72 bytes, Stack size 24 bytes, GUIDEV_32.o(i._SetPixelIndex))
<BR><BR>[Stack]<UL><LI>Max Depth = 40<LI>Call Chain = _SetPixelIndex &rArr; _XY2PTR
</UL>
<BR>[Calls]<UL><LI><a href="#[256]">&gt;&gt;</a>&nbsp;&nbsp;&nbsp;GUI_ALLOC_UnlockH
<LI><a href="#[255]">&gt;&gt;</a>&nbsp;&nbsp;&nbsp;GUI_ALLOC_LockH
<LI><a href="#[38a]">&gt;&gt;</a>&nbsp;&nbsp;&nbsp;_XY2PTR
</UL>
<BR>[Address Reference Count : 1]<UL><LI> GUIDEV_32.o(.constdata)
</UL>
<P><STRONG><a name="[38a]"></a>_XY2PTR</STRONG> (Thumb, 56 bytes, Stack size 16 bytes, GUIDEV_32.o(i._XY2PTR))
<BR><BR>[Stack]<UL><LI>Max Depth = 16<LI>Call Chain = _XY2PTR
</UL>
<BR>[Calls]<UL><LI><a href="#[256]">&gt;&gt;</a>&nbsp;&nbsp;&nbsp;GUI_ALLOC_UnlockH
<LI><a href="#[255]">&gt;&gt;</a>&nbsp;&nbsp;&nbsp;GUI_ALLOC_LockH
</UL>
<BR>[Called By]<UL><LI><a href="#[e7]">&gt;&gt;</a>&nbsp;&nbsp;&nbsp;_XorPixel
<LI><a href="#[e6]">&gt;&gt;</a>&nbsp;&nbsp;&nbsp;_SetPixelIndex
<LI><a href="#[e5]">&gt;&gt;</a>&nbsp;&nbsp;&nbsp;_GetPixelIndex
<LI><a href="#[e4]">&gt;&gt;</a>&nbsp;&nbsp;&nbsp;_FillRect
<LI><a href="#[e3]">&gt;&gt;</a>&nbsp;&nbsp;&nbsp;_DrawVLine
<LI><a href="#[e1]">&gt;&gt;</a>&nbsp;&nbsp;&nbsp;_DrawBitmap
</UL>

<P><STRONG><a name="[e7]"></a>_XorPixel</STRONG> (Thumb, 88 bytes, Stack size 32 bytes, GUIDEV_32.o(i._XorPixel))
<BR><BR>[Stack]<UL><LI>Max Depth = 48<LI>Call Chain = _XorPixel &rArr; _XY2PTR
</UL>
<BR>[Calls]<UL><LI><a href="#[256]">&gt;&gt;</a>&nbsp;&nbsp;&nbsp;GUI_ALLOC_UnlockH
<LI><a href="#[255]">&gt;&gt;</a>&nbsp;&nbsp;&nbsp;GUI_ALLOC_LockH
<LI><a href="#[38a]">&gt;&gt;</a>&nbsp;&nbsp;&nbsp;_XY2PTR
</UL>
<BR>[Address Reference Count : 1]<UL><LI> GUIDEV_32.o(.constdata)
</UL>
<P><STRONG><a name="[ee]"></a>GUI_USAGE_BM_AddHLine</STRONG> (Thumb, 112 bytes, Stack size 16 bytes, GUIDEV_UsageBM.o(i.GUI_USAGE_BM_AddHLine))
<BR><BR>[Stack]<UL><LI>Max Depth = 24<LI>Call Chain = GUI_USAGE_BM_AddHLine &rArr; __aeabi_memset
</UL>
<BR>[Calls]<UL><LI><a href="#[160]">&gt;&gt;</a>&nbsp;&nbsp;&nbsp;__aeabi_memset
</UL>
<BR>[Address Reference Count : 1]<UL><LI> GUIDEV_UsageBM.o(.constdata)
</UL>
<P><STRONG><a name="[ed]"></a>GUI_USAGE_BM_AddPixel</STRONG> (Thumb, 46 bytes, Stack size 4 bytes, GUIDEV_UsageBM.o(i.GUI_USAGE_BM_AddPixel))
<BR><BR>[Stack]<UL><LI>Max Depth = 4<LI>Call Chain = GUI_USAGE_BM_AddPixel
</UL>
<BR>[Address Reference Count : 1]<UL><LI> GUIDEV_UsageBM.o(.constdata)
</UL>
<P><STRONG><a name="[ef]"></a>GUI_USAGE_BM_Clear</STRONG> (Thumb, 18 bytes, Stack size 8 bytes, GUIDEV_UsageBM.o(i.GUI_USAGE_BM_Clear))
<BR><BR>[Stack]<UL><LI>Max Depth = 8<LI>Call Chain = GUI_USAGE_BM_Clear
</UL>
<BR>[Calls]<UL><LI><a href="#[1f5]">&gt;&gt;</a>&nbsp;&nbsp;&nbsp;__aeabi_memclr4
</UL>
<BR>[Address Reference Count : 1]<UL><LI> GUIDEV_UsageBM.o(.constdata)
</UL>
<P><STRONG><a name="[f1]"></a>GUI_USAGE_BM_GetNextDirty</STRONG> (Thumb, 170 bytes, Stack size 12 bytes, GUIDEV_UsageBM.o(i.GUI_USAGE_BM_GetNextDirty))
<BR><BR>[Stack]<UL><LI>Max Depth = 12<LI>Call Chain = GUI_USAGE_BM_GetNextDirty
</UL>
<BR>[Address Reference Count : 1]<UL><LI> GUIDEV_UsageBM.o(.constdata)
</UL>
<P><STRONG><a name="[f0]"></a>_GUI_USAGE_BM_Delete</STRONG> (Thumb, 8 bytes, Stack size 8 bytes, GUIDEV_UsageBM.o(i._GUI_USAGE_BM_Delete))
<BR><BR>[Stack]<UL><LI>Max Depth = 68<LI>Call Chain = _GUI_USAGE_BM_Delete &rArr; GUI_ALLOC_Free &rArr; _AddFreeMemory &rArr; _RemoveFreeBlock
</UL>
<BR>[Calls]<UL><LI><a href="#[2b2]">&gt;&gt;</a>&nbsp;&nbsp;&nbsp;GUI_ALLOC_Free
</UL>
<BR>[Address Reference Count : 1]<UL><LI> GUIDEV_UsageBM.o(.constdata)
</UL>
<P><STRONG><a name="[307]"></a>_WriteToActiveOpaque_8</STRONG> (Thumb, 1132 bytes, Stack size 152 bytes, GUIDEV_WriteToActiveOpaque.o(i._WriteToActiveOpaque_8))
<BR><BR>[Stack]<UL><LI>Max Depth = 292<LI>Call Chain = _WriteToActiveOpaque_8 &rArr; GUI_ALLOC_AllocNoInit &rArr; _Alloc &rArr; _InitOnce &rArr; _EnlargeBlocks &rArr;  _Alloc (Cycle)
</UL>
<BR>[Calls]<UL><LI><a href="#[2a8]">&gt;&gt;</a>&nbsp;&nbsp;&nbsp;LCD_DrawBitmap
<LI><a href="#[256]">&gt;&gt;</a>&nbsp;&nbsp;&nbsp;GUI_ALLOC_UnlockH
<LI><a href="#[255]">&gt;&gt;</a>&nbsp;&nbsp;&nbsp;GUI_ALLOC_LockH
<LI><a href="#[2b2]">&gt;&gt;</a>&nbsp;&nbsp;&nbsp;GUI_ALLOC_Free
<LI><a href="#[2af]">&gt;&gt;</a>&nbsp;&nbsp;&nbsp;GUI_ALLOC_AllocNoInit
<LI><a href="#[32c]">&gt;&gt;</a>&nbsp;&nbsp;&nbsp;GUI_GetpfIndex2ColorEx
<LI><a href="#[38f]">&gt;&gt;</a>&nbsp;&nbsp;&nbsp;GUI_GetpfColor2IndexEx
<LI><a href="#[308]">&gt;&gt;</a>&nbsp;&nbsp;&nbsp;GUI_GetBitsPerPixelEx
<LI><a href="#[346]">&gt;&gt;</a>&nbsp;&nbsp;&nbsp;LCD__DrawBitmap_1bpp
<LI><a href="#[390]">&gt;&gt;</a>&nbsp;&nbsp;&nbsp;GUI__CompactPixelIndices
<LI><a href="#[301]">&gt;&gt;</a>&nbsp;&nbsp;&nbsp;GUI_MEMDEV_GetDataPtr
</UL>
<BR>[Called By]<UL><LI><a href="#[80]">&gt;&gt;</a>&nbsp;&nbsp;&nbsp;GUI_MEMDEV__WriteToActiveOpaque
</UL>

<P><STRONG><a name="[311]"></a>LCD_ReadRectEx</STRONG> (Thumb, 568 bytes, Stack size 48 bytes, LCD_ReadRect.o(i.LCD_ReadRectEx))
<BR><BR>[Stack]<UL><LI>Max Depth = 48<LI>Call Chain = LCD_ReadRectEx
</UL>
<BR>[Calls]<UL><LI><a href="#[308]">&gt;&gt;</a>&nbsp;&nbsp;&nbsp;GUI_GetBitsPerPixelEx
</UL>
<BR>[Called By]<UL><LI><a href="#[310]">&gt;&gt;</a>&nbsp;&nbsp;&nbsp;GUI_ReadRectEx
</UL>

<P><STRONG><a name="[306]"></a>_WriteToActiveAlpha</STRONG> (Thumb, 400 bytes, Stack size 112 bytes, GUIDEV_WriteToActiveAlpha.o(i._WriteToActiveAlpha))
<BR><BR>[Stack]<UL><LI>Max Depth = 376<LI>Call Chain = _WriteToActiveAlpha &rArr; GUI__DoAlphaBlending &rArr; GUI__GetAlphaBuffer &rArr; GUI_ALLOC_GetFixedBlock &rArr; _RemoveHoles &rArr; __aeabi_memmove &rArr; __aeabi_memcpy
</UL>
<BR>[Calls]<UL><LI><a href="#[2a8]">&gt;&gt;</a>&nbsp;&nbsp;&nbsp;LCD_DrawBitmap
<LI><a href="#[256]">&gt;&gt;</a>&nbsp;&nbsp;&nbsp;GUI_ALLOC_UnlockH
<LI><a href="#[255]">&gt;&gt;</a>&nbsp;&nbsp;&nbsp;GUI_ALLOC_LockH
<LI><a href="#[32b]">&gt;&gt;</a>&nbsp;&nbsp;&nbsp;GUI__DoAlphaBlending
<LI><a href="#[321]">&gt;&gt;</a>&nbsp;&nbsp;&nbsp;GUI__AllocAlphaBuffer
<LI><a href="#[301]">&gt;&gt;</a>&nbsp;&nbsp;&nbsp;GUI_MEMDEV_GetDataPtr
<LI><a href="#[326]">&gt;&gt;</a>&nbsp;&nbsp;&nbsp;GUI__CompactPixelIndicesEx
</UL>
<BR>[Called By]<UL><LI><a href="#[81]">&gt;&gt;</a>&nbsp;&nbsp;&nbsp;GUI_MEMDEV__WriteToActiveAlpha
</UL>

<P><STRONG><a name="[2a]"></a>_printf_input_char</STRONG> (Thumb, 10 bytes, Stack size 0 bytes, _printf_char_common.o(.text))
<BR>[Address Reference Count : 1]<UL><LI> _printf_char_common.o(.text)
</UL>
<P><STRONG><a name="[174]"></a>_fp_digits</STRONG> (Thumb, 412 bytes, Stack size 96 bytes, _printf_fp_dec.o(.text))
<BR><BR>[Stack]<UL><LI>Max Depth = 272<LI>Call Chain = _fp_digits &rArr; _btod_etento &rArr; _btod_emul &rArr; btod_internal_mul &rArr; __ARM_common_ll_muluu
</UL>
<BR>[Calls]<UL><LI><a href="#[16f]">&gt;&gt;</a>&nbsp;&nbsp;&nbsp;_ll_udiv10
<LI><a href="#[177]">&gt;&gt;</a>&nbsp;&nbsp;&nbsp;_btod_ediv
<LI><a href="#[178]">&gt;&gt;</a>&nbsp;&nbsp;&nbsp;_btod_emul
<LI><a href="#[176]">&gt;&gt;</a>&nbsp;&nbsp;&nbsp;_btod_d2e
<LI><a href="#[175]">&gt;&gt;</a>&nbsp;&nbsp;&nbsp;_btod_etento
</UL>
<BR>[Called By]<UL><LI><a href="#[8b]">&gt;&gt;</a>&nbsp;&nbsp;&nbsp;_printf_fp_dec_real
</UL>

<P><STRONG><a name="[183]"></a>btod_internal_mul</STRONG> (Thumb, 492 bytes, Stack size 56 bytes, btod.o(.text))
<BR><BR>[Stack]<UL><LI>Max Depth = 80<LI>Call Chain = btod_internal_mul &rArr; __ARM_common_ll_muluu
</UL>
<BR>[Calls]<UL><LI><a href="#[184]">&gt;&gt;</a>&nbsp;&nbsp;&nbsp;__ARM_common_ll_muluu
</UL>
<BR>[Called By]<UL><LI><a href="#[185]">&gt;&gt;</a>&nbsp;&nbsp;&nbsp;_btod_emuld
<LI><a href="#[178]">&gt;&gt;</a>&nbsp;&nbsp;&nbsp;_btod_emul
</UL>

<P><STRONG><a name="[186]"></a>btod_internal_div</STRONG> (Thumb, 520 bytes, Stack size 64 bytes, btod.o(.text))
<BR><BR>[Stack]<UL><LI>Max Depth = 64<LI>Call Chain = btod_internal_div
</UL>
<BR>[Called By]<UL><LI><a href="#[187]">&gt;&gt;</a>&nbsp;&nbsp;&nbsp;_btod_edivd
<LI><a href="#[177]">&gt;&gt;</a>&nbsp;&nbsp;&nbsp;_btod_ediv
</UL>
<P>
<H3>
Undefined Global Symbols
</H3>
<P><STRONG><a name="[188]"></a>_call_atexit_fns</STRONG> (ARM, 0 bytes, Stack size 0 bytes, UNDEFINED)
<BR><BR>[Called By]<UL><LI><a href="#[151]">&gt;&gt;</a>&nbsp;&nbsp;&nbsp;exit
</UL>

<P><STRONG><a name="[17d]"></a>_printf_mbtowc</STRONG> (ARM, 0 bytes, Stack size 0 bytes, UNDEFINED)
<BR><BR>[Called By]<UL><LI><a href="#[17c]">&gt;&gt;</a>&nbsp;&nbsp;&nbsp;_printf_cs_common
</UL>

<P><STRONG><a name="[17f]"></a>_printf_wc</STRONG> (ARM, 0 bytes, Stack size 0 bytes, UNDEFINED)
<BR><BR>[Called By]<UL><LI><a href="#[17e]">&gt;&gt;</a>&nbsp;&nbsp;&nbsp;_printf_lcs_common
</UL>
<HR></body></html>
