<html>
<body>
<pre>
<h1>猩ision Build Log</h1>
<h2>Tool Versions:</h2>
IDE-Version: μVision V5.38.0.0
Copyright (C) 2022 ARM Ltd and ARM Germany GmbH. All rights reserved.
License Information: cc cc, cccc, LIC=JDA0P-MVSWG-TLGCD-8X984-LV2YX-N31U2
 
Tool Versions:
Toolchain:       MDK-ARM Professional  Version: 5.38.0.0
Toolchain Path:  C:\Keil_v5\ARM\ARMCLANG\Bin
C Compiler:      ArmClang.exe V6.19
Assembler:       Armasm.exe V6.19
Linker/Locator:  ArmLink.exe V6.19
Library Manager: ArmAr.exe V6.19
Hex Converter:   FromElf.exe V6.19
CPU DLL:         SARMCM3.DLL V5.38.0.0
Dialog DLL:      DARMCM1.DLL V1.19.6.0
Target DLL:      NULink\Nu_Link.dll V3.21
Dialog DLL:      TARMCM1.DLL V1.14.6.0
 
<h2>Project:</h2>
C:\Users\busundau\Documents\project\01-MTCS\MTCS-20260105-全部頁面字庫分門別類ab8f-檔案和註解整理乾淨的\emWin_SimpleDemo.uvproj
Project File Date:  01/05/2026

<h2>Output:</h2>
*** Using Compiler 'V6.19', folder: 'C:\Keil_v5\ARM\ARMCLANG\Bin'
Build target 'emWin_SimpleDemo_ILI9341'
creating preprocessor file for sys.c...
creating preprocessor file for pdma.c...
creating preprocessor file for system_M031Series.c...
creating preprocessor file for clk.c...
creating preprocessor file for i2c.c...
creating preprocessor file for gpio.c...
creating preprocessor file for fmc.c...
creating preprocessor file for usci_spi.c...
creating preprocessor file for timer.c...
creating preprocessor file for retarget.c...
creating preprocessor file for adc.c...
creating preprocessor file for pwm.c...
creating preprocessor file for uart.c...
creating preprocessor file for main.c...
creating preprocessor file for DialogFunction.c...
creating preprocessor file for GUI_X.c...
creating preprocessor file for PTT_ISR.c...
creating preprocessor file for LCDConf.c...
creating preprocessor file for GUIConf.c...
creating preprocessor file for jpg.c...
creating preprocessor file for Pg_Language_Gb.c...
creating preprocessor file for Pg_Language_Big5.c...
creating preprocessor file for Pg_Tool_Mode_Gb.c...
creating preprocessor file for Pg_Tool_Mode_Big5.c...
creating preprocessor file for Pg_Tool_Mode_En.c...
creating preprocessor file for Pg_Call_Job_Big5.c...
creating preprocessor file for Pg_Language_En.c...
creating preprocessor file for Pg_Call_Job_En.c...
creating preprocessor file for Pg_Call_Job_Gb.c...
creating preprocessor file for Pg_JS_0_Job_Big5.c...
creating preprocessor file for Pg_JS_0_Job_En.c...
creating preprocessor file for Pg_JS_0_Job_Gb.c...
creating preprocessor file for Pg_JS_1_JobSEQ_Big5.c...
creating preprocessor file for Pg_JS_1_JobSEQ_En.c...
creating preprocessor file for Pg_JS_2_Step2_1_En.c...
creating preprocessor file for Pg_JS_1_JobSEQ_Gb.c...
creating preprocessor file for Pg_JS_2_Step2_1_Big5.c...
creating preprocessor file for Pg_JS_2_Step2_1_Gb.c...
creating preprocessor file for Pg_JS_3_Step2_2_En.c...
creating preprocessor file for Pg_Net_Info_Big5.c...
creating preprocessor file for Pg_JS_3_Step2_2_Big5.c...
creating preprocessor file for Pg_JS_3_Step2_2_Gb.c...
creating preprocessor file for Pg_Net_AP_Info_Big5.c...
creating preprocessor file for Pg_Net_Info_En.c...
creating preprocessor file for Pg_Net_AP_Info_En.c...
creating preprocessor file for Pg_Net_Info_Gb.c...
creating preprocessor file for Pg_Net_AP_Info_Gb.c...
creating preprocessor file for Pg_Tool_Info_Big5.c...
creating preprocessor file for Pg_Tool_Info_En.c...
creating preprocessor file for Pg_Tool_Info_Gb.c...
creating preprocessor file for Font_Pg_JS_1_JobSEQ_Microsoft JhengHei_22B.c...
creating preprocessor file for Font_Boot_Menu_Microsoft JhengHei_22B.c...
creating preprocessor file for Pg_Home_Big5.c...
creating preprocessor file for Font_Pg_JS_0_Job_Microsoft JhengHei_22B.c...
creating preprocessor file for Pg_Home_En.c...
creating preprocessor file for Pg_Home_Gb.c...
creating preprocessor file for FontName.c...
creating preprocessor file for ILI9341.c...
creating preprocessor file for Font_ALLPage_Button_Microsoft JhengHei_16B.c...
creating preprocessor file for Font_ALLPage_WinTitle_DFKai-SB_16B.c...
creating preprocessor file for Font_Pg_Home_Microsoft JhengHei_20B.c...
creating preprocessor file for Font_Pg_Home_Microsoft JhengHei_19B.c...
creating preprocessor file for Font_Pg_Home_Microsoft JhengHei_192B.c...
creating preprocessor file for Font_Pg_Language_Microsoft JhengHei_22B.c...
creating preprocessor file for Font_Pg_Tool_Mode_Microsoft JhengHei_22B.c...
creating preprocessor file for Font_Pg_Tool_Mode_Microsoft JhengHei_26B.c...
creating preprocessor file for Font_Pg_JS_2_Step2_1_Microsoft JhengHei_22B.c...
creating preprocessor file for Font_Pg_JS_2_Step2_1_Microsoft JhengHei_16B.c...
creating preprocessor file for Font_Pg_JS_2_Step2_2_Microsoft JhengHei_22B.c...
creating preprocessor file for Font_Pg_Tool_Info_Microsoft JhengHei_22B.c...
creating preprocessor file for Font_Pg_Net_Info_Microsoft JhengHei_19B.c...
creating preprocessor file for Font_Pg_Net_AP_Info_Microsoft JhengHei_22B.c...
linking...
.\Output\20260105-MTCS_LCD_M032_ab8f.axf: Warning: L6340W: options first and last are ignored for link type of scattered
Program Size: Code=190880 RO-data=120832 RW-data=2364 ZI-data=41100  
Finished: 0 information, 1 warning and 0 error messages.
FromELF: creating hex file...
After Build - User command #1: fromelf --bin ".\Output\20260105-MTCS_LCD_M032_ab8f.axf" --output ".\Objects\20260105-MTCS_LCD_M032_ab8f.bin"
After Build - User command #2: .\hello.bat
[Keil Build] HEX file: .\Output\20260105-MTCS_LCD_M032_ab8f.hex
[Keil Build] CRC32 = 0xEE4B58CA
[Keil Build] Copied to: C:\Users\busundau\Documents\project\01-MTCS\MTCS-20260105-全部頁面字庫分門別類ab8f-檔案和註解整理乾淨的\Output\..\Output2\20260105-MTCS_LCD_M032_ab8f_20260107-154326_crcEE4B58CA.hex
".\Output\20260105-MTCS_LCD_M032_ab8f.axf" - 0 Error(s), 1 Warning(s).
Build Time Elapsed:  00:00:04
</pre>
</body>
</html>
